-- Journal begins at Tue 2021-05-11 09:14:12 EEST, ends at Sun 2021-11-28 11:54:09 EET. --
Nov 28 11:53:05 arch kernel: Linux version 5.10.79-1-lts (linux-lts@archlinux) (gcc (GCC) 11.1.0, GNU ld (GNU Binutils) 2.36.1) #1 SMP Fri, 12 Nov 2021 19:04:00 +0000
Nov 28 11:53:05 arch kernel: Command line: BOOT_IMAGE=/vmlinuz-linux-lts root=/dev/mapper/volgroup0-lv_root rw cryptdevice=/dev/nvme0n1p3:volgroup0:allow-discards loglevel=3 quiet
Nov 28 11:53:05 arch kernel: x86/split lock detection: warning about user-space split_locks
Nov 28 11:53:05 arch kernel: x86/fpu: Supporting XSAVE feature 0x001: 'x87 floating point registers'
Nov 28 11:53:05 arch kernel: x86/fpu: Supporting XSAVE feature 0x002: 'SSE registers'
Nov 28 11:53:05 arch kernel: x86/fpu: Supporting XSAVE feature 0x004: 'AVX registers'
Nov 28 11:53:05 arch kernel: x86/fpu: Supporting XSAVE feature 0x020: 'AVX-512 opmask'
Nov 28 11:53:05 arch kernel: x86/fpu: Supporting XSAVE feature 0x040: 'AVX-512 Hi256'
Nov 28 11:53:05 arch kernel: x86/fpu: Supporting XSAVE feature 0x080: 'AVX-512 ZMM_Hi256'
Nov 28 11:53:05 arch kernel: x86/fpu: Supporting XSAVE feature 0x200: 'Protection Keys User registers'
Nov 28 11:53:05 arch kernel: x86/fpu: xstate_offset[2]:  576, xstate_sizes[2]:  256
Nov 28 11:53:05 arch kernel: x86/fpu: xstate_offset[5]:  832, xstate_sizes[5]:   64
Nov 28 11:53:05 arch kernel: x86/fpu: xstate_offset[6]:  896, xstate_sizes[6]:  512
Nov 28 11:53:05 arch kernel: x86/fpu: xstate_offset[7]: 1408, xstate_sizes[7]: 1024
Nov 28 11:53:05 arch kernel: x86/fpu: xstate_offset[9]: 2432, xstate_sizes[9]:    8
Nov 28 11:53:05 arch kernel: x86/fpu: Enabled xstate features 0x2e7, context size is 2440 bytes, using 'compacted' format.
Nov 28 11:53:05 arch kernel: BIOS-provided physical RAM map:
Nov 28 11:53:05 arch kernel: BIOS-e820: [mem 0x0000000000000000-0x000000000009efff] usable
Nov 28 11:53:05 arch kernel: BIOS-e820: [mem 0x000000000009f000-0x00000000000fffff] reserved
Nov 28 11:53:05 arch kernel: BIOS-e820: [mem 0x0000000000100000-0x000000004c02efff] usable
Nov 28 11:53:05 arch kernel: BIOS-e820: [mem 0x000000004c02f000-0x000000004c02ffff] ACPI NVS
Nov 28 11:53:05 arch kernel: BIOS-e820: [mem 0x000000004c030000-0x000000004c030fff] reserved
Nov 28 11:53:05 arch kernel: BIOS-e820: [mem 0x000000004c031000-0x0000000061fc7fff] usable
Nov 28 11:53:05 arch kernel: BIOS-e820: [mem 0x0000000061fc8000-0x0000000061fecfff] reserved
Nov 28 11:53:05 arch kernel: BIOS-e820: [mem 0x0000000061fed000-0x0000000061feefff] type 20
Nov 28 11:53:05 arch kernel: BIOS-e820: [mem 0x0000000061fef000-0x0000000061ff2fff] reserved
Nov 28 11:53:05 arch kernel: BIOS-e820: [mem 0x0000000061ff3000-0x0000000061ff3fff] type 20
Nov 28 11:53:05 arch kernel: BIOS-e820: [mem 0x0000000061ff4000-0x0000000061ff7fff] reserved
Nov 28 11:53:05 arch kernel: BIOS-e820: [mem 0x0000000061ff8000-0x0000000061ff8fff] type 20
Nov 28 11:53:05 arch kernel: BIOS-e820: [mem 0x0000000061ff9000-0x0000000061ffdfff] reserved
Nov 28 11:53:05 arch kernel: BIOS-e820: [mem 0x0000000061ffe000-0x0000000061ffefff] type 20
Nov 28 11:53:05 arch kernel: BIOS-e820: [mem 0x0000000061fff000-0x0000000062003fff] reserved
Nov 28 11:53:05 arch kernel: BIOS-e820: [mem 0x0000000062004000-0x0000000062005fff] type 20
Nov 28 11:53:05 arch kernel: BIOS-e820: [mem 0x0000000062006000-0x0000000062009fff] reserved
Nov 28 11:53:05 arch kernel: BIOS-e820: [mem 0x000000006200a000-0x000000006200bfff] type 20
Nov 28 11:53:05 arch kernel: BIOS-e820: [mem 0x000000006200c000-0x000000006200ffff] reserved
Nov 28 11:53:05 arch kernel: BIOS-e820: [mem 0x0000000062010000-0x0000000062010fff] type 20
Nov 28 11:53:05 arch kernel: BIOS-e820: [mem 0x0000000062011000-0x0000000062014fff] reserved
Nov 28 11:53:05 arch kernel: BIOS-e820: [mem 0x0000000062015000-0x0000000062016fff] type 20
Nov 28 11:53:05 arch kernel: BIOS-e820: [mem 0x0000000062017000-0x000000006201bfff] reserved
Nov 28 11:53:05 arch kernel: BIOS-e820: [mem 0x000000006201c000-0x000000006201dfff] type 20
Nov 28 11:53:05 arch kernel: BIOS-e820: [mem 0x000000006201e000-0x0000000062022fff] reserved
Nov 28 11:53:05 arch kernel: BIOS-e820: [mem 0x0000000062023000-0x0000000062025fff] type 20
Nov 28 11:53:05 arch kernel: BIOS-e820: [mem 0x0000000062026000-0x000000006202afff] reserved
Nov 28 11:53:05 arch kernel: BIOS-e820: [mem 0x000000006202b000-0x000000006202bfff] type 20
Nov 28 11:53:05 arch kernel: BIOS-e820: [mem 0x000000006202c000-0x000000006202ffff] reserved
Nov 28 11:53:05 arch kernel: BIOS-e820: [mem 0x0000000062030000-0x0000000062041fff] type 20
Nov 28 11:53:05 arch kernel: BIOS-e820: [mem 0x0000000062042000-0x000000006205ffff] reserved
Nov 28 11:53:05 arch kernel: BIOS-e820: [mem 0x0000000062060000-0x0000000062060fff] type 20
Nov 28 11:53:05 arch kernel: BIOS-e820: [mem 0x0000000062061000-0x0000000062064fff] reserved
Nov 28 11:53:05 arch kernel: BIOS-e820: [mem 0x0000000062065000-0x0000000062065fff] type 20
Nov 28 11:53:05 arch kernel: BIOS-e820: [mem 0x0000000062066000-0x000000006206afff] reserved
Nov 28 11:53:05 arch kernel: BIOS-e820: [mem 0x000000006206b000-0x000000006206cfff] type 20
Nov 28 11:53:05 arch kernel: BIOS-e820: [mem 0x000000006206d000-0x0000000062071fff] reserved
Nov 28 11:53:05 arch kernel: BIOS-e820: [mem 0x0000000062072000-0x0000000062072fff] type 20
Nov 28 11:53:05 arch kernel: BIOS-e820: [mem 0x0000000062073000-0x0000000062077fff] reserved
Nov 28 11:53:05 arch kernel: BIOS-e820: [mem 0x0000000062078000-0x0000000062079fff] type 20
Nov 28 11:53:05 arch kernel: BIOS-e820: [mem 0x000000006207a000-0x000000006379bfff] reserved
Nov 28 11:53:05 arch kernel: BIOS-e820: [mem 0x000000006379c000-0x0000000063f5ffff] ACPI NVS
Nov 28 11:53:05 arch kernel: BIOS-e820: [mem 0x0000000063f60000-0x0000000063ffefff] ACPI data
Nov 28 11:53:05 arch kernel: BIOS-e820: [mem 0x0000000063fff000-0x0000000063ffffff] usable
Nov 28 11:53:05 arch kernel: BIOS-e820: [mem 0x0000000064000000-0x0000000067ffffff] reserved
Nov 28 11:53:05 arch kernel: BIOS-e820: [mem 0x0000000068600000-0x00000000687fffff] reserved
Nov 28 11:53:05 arch kernel: BIOS-e820: [mem 0x0000000069000000-0x00000000707fffff] reserved
Nov 28 11:53:05 arch kernel: BIOS-e820: [mem 0x00000000c0000000-0x00000000cfffffff] reserved
Nov 28 11:53:05 arch kernel: BIOS-e820: [mem 0x00000000fed20000-0x00000000fed7ffff] reserved
Nov 28 11:53:05 arch kernel: BIOS-e820: [mem 0x00000000ff000000-0x00000000ffffffff] reserved
Nov 28 11:53:05 arch kernel: BIOS-e820: [mem 0x0000000100000000-0x000000028f7fffff] usable
Nov 28 11:53:05 arch kernel: NX (Execute Disable) protection: active
Nov 28 11:53:05 arch kernel: efi: EFI v2.70 by Dell
Nov 28 11:53:05 arch kernel: efi: TPMFinalLog=0x63f57000 SMBIOS=0x625aa000 ACPI=0x63ffe000 ACPI 2.0=0x63ffe014 ESRT=0x625a9018 MEMATTR=0x5f9d3418 PROP=0x4ab9a150 
Nov 28 11:53:05 arch kernel: SMBIOS 3.1 present.
Nov 28 11:53:05 arch kernel: DMI: Dell Inc. Vostro 15 5501/0RHCDN, BIOS 1.5.3 12/18/2020
Nov 28 11:53:05 arch kernel: tsc: Detected 1200.000 MHz processor
Nov 28 11:53:05 arch kernel: tsc: Detected 1190.400 MHz TSC
Nov 28 11:53:05 arch kernel: e820: update [mem 0x00000000-0x00000fff] usable ==> reserved
Nov 28 11:53:05 arch kernel: e820: remove [mem 0x000a0000-0x000fffff] usable
Nov 28 11:53:05 arch kernel: last_pfn = 0x28f800 max_arch_pfn = 0x400000000
Nov 28 11:53:05 arch kernel: MTRR default type: write-back
Nov 28 11:53:05 arch kernel: MTRR fixed ranges enabled:
Nov 28 11:53:05 arch kernel:   00000-9FFFF write-back
Nov 28 11:53:05 arch kernel:   A0000-BFFFF uncachable
Nov 28 11:53:05 arch kernel:   C0000-FFFFF write-protect
Nov 28 11:53:05 arch kernel: MTRR variable ranges enabled:
Nov 28 11:53:05 arch kernel:   0 base 0080000000 mask 7F80000000 uncachable
Nov 28 11:53:05 arch kernel:   1 base 0070000000 mask 7FF0000000 uncachable
Nov 28 11:53:05 arch kernel:   2 base 006C000000 mask 7FFC000000 uncachable
Nov 28 11:53:05 arch kernel:   3 base 006B000000 mask 7FFF000000 uncachable
Nov 28 11:53:05 arch kernel:   4 base 4000000000 mask 4000000000 uncachable
Nov 28 11:53:05 arch kernel:   5 disabled
Nov 28 11:53:05 arch kernel:   6 disabled
Nov 28 11:53:05 arch kernel:   7 disabled
Nov 28 11:53:05 arch kernel:   8 disabled
Nov 28 11:53:05 arch kernel:   9 disabled
Nov 28 11:53:05 arch kernel: x86/PAT: Configuration [0-7]: WB  WC  UC- UC  WB  WP  UC- WT  
Nov 28 11:53:05 arch kernel: last_pfn = 0x64000 max_arch_pfn = 0x400000000
Nov 28 11:53:05 arch kernel: esrt: Reserving ESRT space from 0x00000000625a9018 to 0x00000000625a90a0.
Nov 28 11:53:05 arch kernel: check: Scanning 1 areas for low memory corruption
Nov 28 11:53:05 arch kernel: Using GB pages for direct mapping
Nov 28 11:53:05 arch kernel: Secure boot could not be determined
Nov 28 11:53:05 arch kernel: RAMDISK: [mem 0x34241000-0x356dafff]
Nov 28 11:53:05 arch kernel: ACPI: Early table checksum verification disabled
Nov 28 11:53:05 arch kernel: ACPI: RSDP 0x0000000063FFE014 000024 (v02 DELL  )
Nov 28 11:53:05 arch kernel: ACPI: XSDT 0x0000000063F97188 0000FC (v01 DELL   Dell Inc 20170001 INTL 20160422)
Nov 28 11:53:05 arch kernel: ACPI: FACP 0x0000000063FE7000 000114 (v06 DELL   Dell Inc 20170001 INTL 20160422)
Nov 28 11:53:05 arch kernel: ACPI: DSDT 0x0000000063FA5000 03EFF8 (v02 DELL   Dell Inc 20170001 INTL 20160422)
Nov 28 11:53:05 arch kernel: ACPI: FACS 0x0000000063EFC000 000040
Nov 28 11:53:05 arch kernel: ACPI: SSDT 0x0000000063FFB000 001B61 (v02 CpuRef CpuSsdt  00003000 INTL 20180927)
Nov 28 11:53:05 arch kernel: ACPI: SSDT 0x0000000063FF6000 004DEC (v02 INTEL  DptfTabl 00001000 INTL 20180927)
Nov 28 11:53:05 arch kernel: ACPI: SSDT 0x0000000063FF4000 001554 (v02 SaSsdt SaSsdt   00003000 INTL 20180927)
Nov 28 11:53:05 arch kernel: ACPI: SSDT 0x0000000063FE8000 00B27A (v02 INTEL  TcssSsdt 00001000 INTL 20180927)
Nov 28 11:53:05 arch kernel: ACPI: HPET 0x0000000063FE6000 000038 (v01 DELL   Dell Inc 20170001 INTL 20160422)
Nov 28 11:53:05 arch kernel: ACPI: APIC 0x0000000063FE5000 00012C (v03 DELL   Dell Inc 20170001 INTL 20160422)
Nov 28 11:53:05 arch kernel: ACPI: MCFG 0x0000000063FE4000 00003C (v01 DELL   Dell Inc 20170001 INTL 20160422)
Nov 28 11:53:05 arch kernel: ACPI: SSDT 0x0000000063FA4000 0008D9 (v02 DELL   DellRtd3 00001000 INTL 20180927)
Nov 28 11:53:05 arch kernel: ACPI: SSDT 0x0000000063FA3000 000D42 (v02 DELL   xh_Dell_ 00000000 INTL 20180927)
Nov 28 11:53:05 arch kernel: ACPI: NHLT 0x0000000063FA2000 00002D (v00 DELL   Dell Inc 20170001 INTL 20160422)
Nov 28 11:53:05 arch kernel: ACPI: SSDT 0x0000000063FA1000 000CB8 (v02 DELL   UsbCTabl 00001000 INTL 20180927)
Nov 28 11:53:05 arch kernel: ACPI: SSDT 0x0000000063FA0000 000612 (v02 DELL   Tpm2Tabl 00001000 INTL 20180927)
Nov 28 11:53:05 arch kernel: ACPI: TPM2 0x0000000063F9F000 000034 (v04 DELL   Dell Inc 20170001 INTL 20160422)
Nov 28 11:53:05 arch kernel: ACPI: LPIT 0x0000000063F9E000 000094 (v01 DELL   Dell Inc 20170001 INTL 20160422)
Nov 28 11:53:05 arch kernel: ACPI: WSMT 0x0000000063F9D000 000028 (v01 DELL   Dell Inc 20170001 INTL 20160422)
Nov 28 11:53:05 arch kernel: ACPI: SSDT 0x0000000063F9C000 000B75 (v02 DELL   PtidDevc 00001000 INTL 20180927)
Nov 28 11:53:05 arch kernel: ACPI: SSDT 0x0000000063F9B000 000FBB (v02 DELL   TbtTypeC 00000000 INTL 20180927)
Nov 28 11:53:05 arch kernel: ACPI: DBGP 0x0000000063F9A000 000034 (v01 DELL   Dell Inc 20170001 INTL 20160422)
Nov 28 11:53:05 arch kernel: ACPI: DBG2 0x0000000063F99000 000054 (v00 DELL   Dell Inc 20170001 INTL 20160422)
Nov 28 11:53:05 arch kernel: ACPI: SLIC 0x0000000063F98000 000176 (v03 DELL   CBX3     06222004 MSFT 00010013)
Nov 28 11:53:05 arch kernel: ACPI: BOOT 0x0000000063FFD000 000028 (v01 DELL   CBX3     20170001 INTL 20160422)
Nov 28 11:53:05 arch kernel: ACPI: MSDM 0x0000000063F96000 000055 (v03 DELL   CBX3     06222004 AMI  00010013)
Nov 28 11:53:05 arch kernel: ACPI: DMAR 0x0000000063F95000 0000B0 (v02 INTEL  Dell Inc 00000002      01000013)
Nov 28 11:53:05 arch kernel: ACPI: SSDT 0x0000000063F94000 000156 (v02 Dell   ADebTabl 00001000 INTL 20180927)
Nov 28 11:53:05 arch kernel: ACPI: BGRT 0x0000000063F93000 000038 (v01 DELL   Dell Inc 20170001 INTL 20160422)
Nov 28 11:53:05 arch kernel: ACPI: FPDT 0x0000000063F92000 000034 (v01 DELL   Dell Inc 20170001 INTL 20160422)
Nov 28 11:53:05 arch kernel: ACPI: Reserving FACP table memory at [mem 0x63fe7000-0x63fe7113]
Nov 28 11:53:05 arch kernel: ACPI: Reserving DSDT table memory at [mem 0x63fa5000-0x63fe3ff7]
Nov 28 11:53:05 arch kernel: ACPI: Reserving FACS table memory at [mem 0x63efc000-0x63efc03f]
Nov 28 11:53:05 arch kernel: ACPI: Reserving SSDT table memory at [mem 0x63ffb000-0x63ffcb60]
Nov 28 11:53:05 arch kernel: ACPI: Reserving SSDT table memory at [mem 0x63ff6000-0x63ffadeb]
Nov 28 11:53:05 arch kernel: ACPI: Reserving SSDT table memory at [mem 0x63ff4000-0x63ff5553]
Nov 28 11:53:05 arch kernel: ACPI: Reserving SSDT table memory at [mem 0x63fe8000-0x63ff3279]
Nov 28 11:53:05 arch kernel: ACPI: Reserving HPET table memory at [mem 0x63fe6000-0x63fe6037]
Nov 28 11:53:05 arch kernel: ACPI: Reserving APIC table memory at [mem 0x63fe5000-0x63fe512b]
Nov 28 11:53:05 arch kernel: ACPI: Reserving MCFG table memory at [mem 0x63fe4000-0x63fe403b]
Nov 28 11:53:05 arch kernel: ACPI: Reserving SSDT table memory at [mem 0x63fa4000-0x63fa48d8]
Nov 28 11:53:05 arch kernel: ACPI: Reserving SSDT table memory at [mem 0x63fa3000-0x63fa3d41]
Nov 28 11:53:05 arch kernel: ACPI: Reserving NHLT table memory at [mem 0x63fa2000-0x63fa202c]
Nov 28 11:53:05 arch kernel: ACPI: Reserving SSDT table memory at [mem 0x63fa1000-0x63fa1cb7]
Nov 28 11:53:05 arch kernel: ACPI: Reserving SSDT table memory at [mem 0x63fa0000-0x63fa0611]
Nov 28 11:53:05 arch kernel: ACPI: Reserving TPM2 table memory at [mem 0x63f9f000-0x63f9f033]
Nov 28 11:53:05 arch kernel: ACPI: Reserving LPIT table memory at [mem 0x63f9e000-0x63f9e093]
Nov 28 11:53:05 arch kernel: ACPI: Reserving WSMT table memory at [mem 0x63f9d000-0x63f9d027]
Nov 28 11:53:05 arch kernel: ACPI: Reserving SSDT table memory at [mem 0x63f9c000-0x63f9cb74]
Nov 28 11:53:05 arch kernel: ACPI: Reserving SSDT table memory at [mem 0x63f9b000-0x63f9bfba]
Nov 28 11:53:05 arch kernel: ACPI: Reserving DBGP table memory at [mem 0x63f9a000-0x63f9a033]
Nov 28 11:53:05 arch kernel: ACPI: Reserving DBG2 table memory at [mem 0x63f99000-0x63f99053]
Nov 28 11:53:05 arch kernel: ACPI: Reserving SLIC table memory at [mem 0x63f98000-0x63f98175]
Nov 28 11:53:05 arch kernel: ACPI: Reserving BOOT table memory at [mem 0x63ffd000-0x63ffd027]
Nov 28 11:53:05 arch kernel: ACPI: Reserving MSDM table memory at [mem 0x63f96000-0x63f96054]
Nov 28 11:53:05 arch kernel: ACPI: Reserving DMAR table memory at [mem 0x63f95000-0x63f950af]
Nov 28 11:53:05 arch kernel: ACPI: Reserving SSDT table memory at [mem 0x63f94000-0x63f94155]
Nov 28 11:53:05 arch kernel: ACPI: Reserving BGRT table memory at [mem 0x63f93000-0x63f93037]
Nov 28 11:53:05 arch kernel: ACPI: Reserving FPDT table memory at [mem 0x63f92000-0x63f92033]
Nov 28 11:53:05 arch kernel: ACPI: Local APIC address 0xfee00000
Nov 28 11:53:05 arch kernel: No NUMA configuration found
Nov 28 11:53:05 arch kernel: Faking a node at [mem 0x0000000000000000-0x000000028f7fffff]
Nov 28 11:53:05 arch kernel: NODE_DATA(0) allocated [mem 0x28f7fc000-0x28f7fffff]
Nov 28 11:53:05 arch kernel: Zone ranges:
Nov 28 11:53:05 arch kernel:   DMA      [mem 0x0000000000001000-0x0000000000ffffff]
Nov 28 11:53:05 arch kernel:   DMA32    [mem 0x0000000001000000-0x00000000ffffffff]
Nov 28 11:53:05 arch kernel:   Normal   [mem 0x0000000100000000-0x000000028f7fffff]
Nov 28 11:53:05 arch kernel:   Device   empty
Nov 28 11:53:05 arch kernel: Movable zone start for each node
Nov 28 11:53:05 arch kernel: Early memory node ranges
Nov 28 11:53:05 arch kernel:   node   0: [mem 0x0000000000001000-0x000000000009efff]
Nov 28 11:53:05 arch kernel:   node   0: [mem 0x0000000000100000-0x000000004c02efff]
Nov 28 11:53:05 arch kernel:   node   0: [mem 0x000000004c031000-0x0000000061fc7fff]
Nov 28 11:53:05 arch kernel:   node   0: [mem 0x0000000063fff000-0x0000000063ffffff]
Nov 28 11:53:05 arch kernel:   node   0: [mem 0x0000000100000000-0x000000028f7fffff]
Nov 28 11:53:05 arch kernel: Initmem setup node 0 [mem 0x0000000000001000-0x000000028f7fffff]
Nov 28 11:53:05 arch kernel: On node 0 totalpages: 2037605
Nov 28 11:53:05 arch kernel:   DMA zone: 64 pages used for memmap
Nov 28 11:53:05 arch kernel:   DMA zone: 23 pages reserved
Nov 28 11:53:05 arch kernel:   DMA zone: 3998 pages, LIFO batch:0
Nov 28 11:53:05 arch kernel:   DMA32 zone: 6208 pages used for memmap
Nov 28 11:53:05 arch kernel:   DMA32 zone: 397255 pages, LIFO batch:63
Nov 28 11:53:05 arch kernel:   Normal zone: 25568 pages used for memmap
Nov 28 11:53:05 arch kernel:   Normal zone: 1636352 pages, LIFO batch:63
Nov 28 11:53:05 arch kernel: On node 0, zone DMA: 1 pages in unavailable ranges
Nov 28 11:53:05 arch kernel: On node 0, zone DMA: 97 pages in unavailable ranges
Nov 28 11:53:05 arch kernel: On node 0, zone DMA32: 2 pages in unavailable ranges
Nov 28 11:53:05 arch kernel: On node 0, zone DMA32: 8247 pages in unavailable ranges
Nov 28 11:53:05 arch kernel: On node 0, zone Normal: 16384 pages in unavailable ranges
Nov 28 11:53:05 arch kernel: On node 0, zone Normal: 2048 pages in unavailable ranges
Nov 28 11:53:05 arch kernel: Reserving Intel graphics memory at [mem 0x6c800000-0x707fffff]
Nov 28 11:53:05 arch kernel: ACPI: PM-Timer IO Port: 0x1808
Nov 28 11:53:05 arch kernel: ACPI: Local APIC address 0xfee00000
Nov 28 11:53:05 arch kernel: ACPI: LAPIC_NMI (acpi_id[0x01] high edge lint[0x1])
Nov 28 11:53:05 arch kernel: ACPI: LAPIC_NMI (acpi_id[0x02] high edge lint[0x1])
Nov 28 11:53:05 arch kernel: ACPI: LAPIC_NMI (acpi_id[0x03] high edge lint[0x1])
Nov 28 11:53:05 arch kernel: ACPI: LAPIC_NMI (acpi_id[0x04] high edge lint[0x1])
Nov 28 11:53:05 arch kernel: ACPI: LAPIC_NMI (acpi_id[0x05] high edge lint[0x1])
Nov 28 11:53:05 arch kernel: ACPI: LAPIC_NMI (acpi_id[0x06] high edge lint[0x1])
Nov 28 11:53:05 arch kernel: ACPI: LAPIC_NMI (acpi_id[0x07] high edge lint[0x1])
Nov 28 11:53:05 arch kernel: ACPI: LAPIC_NMI (acpi_id[0x08] high edge lint[0x1])
Nov 28 11:53:05 arch kernel: ACPI: LAPIC_NMI (acpi_id[0x09] high edge lint[0x1])
Nov 28 11:53:05 arch kernel: ACPI: LAPIC_NMI (acpi_id[0x0a] high edge lint[0x1])
Nov 28 11:53:05 arch kernel: ACPI: LAPIC_NMI (acpi_id[0x0b] high edge lint[0x1])
Nov 28 11:53:05 arch kernel: ACPI: LAPIC_NMI (acpi_id[0x0c] high edge lint[0x1])
Nov 28 11:53:05 arch kernel: ACPI: LAPIC_NMI (acpi_id[0x0d] high edge lint[0x1])
Nov 28 11:53:05 arch kernel: ACPI: LAPIC_NMI (acpi_id[0x0e] high edge lint[0x1])
Nov 28 11:53:05 arch kernel: ACPI: LAPIC_NMI (acpi_id[0x0f] high edge lint[0x1])
Nov 28 11:53:05 arch kernel: ACPI: LAPIC_NMI (acpi_id[0x10] high edge lint[0x1])
Nov 28 11:53:05 arch kernel: IOAPIC[0]: apic_id 2, version 32, address 0xfec00000, GSI 0-119
Nov 28 11:53:05 arch kernel: ACPI: INT_SRC_OVR (bus 0 bus_irq 0 global_irq 2 dfl dfl)
Nov 28 11:53:05 arch kernel: ACPI: INT_SRC_OVR (bus 0 bus_irq 9 global_irq 9 high level)
Nov 28 11:53:05 arch kernel: ACPI: IRQ0 used by override.
Nov 28 11:53:05 arch kernel: ACPI: IRQ9 used by override.
Nov 28 11:53:05 arch kernel: Using ACPI (MADT) for SMP configuration information
Nov 28 11:53:05 arch kernel: ACPI: HPET id: 0x8086a201 base: 0xfed00000
Nov 28 11:53:05 arch kernel: e820: update [mem 0x5f948000-0x5f9d0fff] usable ==> reserved
Nov 28 11:53:05 arch kernel: TSC deadline timer available
Nov 28 11:53:05 arch kernel: smpboot: Allowing 8 CPUs, 0 hotplug CPUs
Nov 28 11:53:05 arch kernel: PM: hibernation: Registered nosave memory: [mem 0x00000000-0x00000fff]
Nov 28 11:53:05 arch kernel: PM: hibernation: Registered nosave memory: [mem 0x0009f000-0x000fffff]
Nov 28 11:53:05 arch kernel: PM: hibernation: Registered nosave memory: [mem 0x4c02f000-0x4c02ffff]
Nov 28 11:53:05 arch kernel: PM: hibernation: Registered nosave memory: [mem 0x4c030000-0x4c030fff]
Nov 28 11:53:05 arch kernel: PM: hibernation: Registered nosave memory: [mem 0x5f948000-0x5f9d0fff]
Nov 28 11:53:05 arch kernel: PM: hibernation: Registered nosave memory: [mem 0x61fc8000-0x61fecfff]
Nov 28 11:53:05 arch kernel: PM: hibernation: Registered nosave memory: [mem 0x61fed000-0x61feefff]
Nov 28 11:53:05 arch kernel: PM: hibernation: Registered nosave memory: [mem 0x61fef000-0x61ff2fff]
Nov 28 11:53:05 arch kernel: PM: hibernation: Registered nosave memory: [mem 0x61ff3000-0x61ff3fff]
Nov 28 11:53:05 arch kernel: PM: hibernation: Registered nosave memory: [mem 0x61ff4000-0x61ff7fff]
Nov 28 11:53:05 arch kernel: PM: hibernation: Registered nosave memory: [mem 0x61ff8000-0x61ff8fff]
Nov 28 11:53:05 arch kernel: PM: hibernation: Registered nosave memory: [mem 0x61ff9000-0x61ffdfff]
Nov 28 11:53:05 arch kernel: PM: hibernation: Registered nosave memory: [mem 0x61ffe000-0x61ffefff]
Nov 28 11:53:05 arch kernel: PM: hibernation: Registered nosave memory: [mem 0x61fff000-0x62003fff]
Nov 28 11:53:05 arch kernel: PM: hibernation: Registered nosave memory: [mem 0x62004000-0x62005fff]
Nov 28 11:53:05 arch kernel: PM: hibernation: Registered nosave memory: [mem 0x62006000-0x62009fff]
Nov 28 11:53:05 arch kernel: PM: hibernation: Registered nosave memory: [mem 0x6200a000-0x6200bfff]
Nov 28 11:53:05 arch kernel: PM: hibernation: Registered nosave memory: [mem 0x6200c000-0x6200ffff]
Nov 28 11:53:05 arch kernel: PM: hibernation: Registered nosave memory: [mem 0x62010000-0x62010fff]
Nov 28 11:53:05 arch kernel: PM: hibernation: Registered nosave memory: [mem 0x62011000-0x62014fff]
Nov 28 11:53:05 arch kernel: PM: hibernation: Registered nosave memory: [mem 0x62015000-0x62016fff]
Nov 28 11:53:05 arch kernel: PM: hibernation: Registered nosave memory: [mem 0x62017000-0x6201bfff]
Nov 28 11:53:05 arch kernel: PM: hibernation: Registered nosave memory: [mem 0x6201c000-0x6201dfff]
Nov 28 11:53:05 arch kernel: PM: hibernation: Registered nosave memory: [mem 0x6201e000-0x62022fff]
Nov 28 11:53:05 arch kernel: PM: hibernation: Registered nosave memory: [mem 0x62023000-0x62025fff]
Nov 28 11:53:05 arch kernel: PM: hibernation: Registered nosave memory: [mem 0x62026000-0x6202afff]
Nov 28 11:53:05 arch kernel: PM: hibernation: Registered nosave memory: [mem 0x6202b000-0x6202bfff]
Nov 28 11:53:05 arch kernel: PM: hibernation: Registered nosave memory: [mem 0x6202c000-0x6202ffff]
Nov 28 11:53:05 arch kernel: PM: hibernation: Registered nosave memory: [mem 0x62030000-0x62041fff]
Nov 28 11:53:05 arch kernel: PM: hibernation: Registered nosave memory: [mem 0x62042000-0x6205ffff]
Nov 28 11:53:05 arch kernel: PM: hibernation: Registered nosave memory: [mem 0x62060000-0x62060fff]
Nov 28 11:53:05 arch kernel: PM: hibernation: Registered nosave memory: [mem 0x62061000-0x62064fff]
Nov 28 11:53:05 arch kernel: PM: hibernation: Registered nosave memory: [mem 0x62065000-0x62065fff]
Nov 28 11:53:05 arch kernel: PM: hibernation: Registered nosave memory: [mem 0x62066000-0x6206afff]
Nov 28 11:53:05 arch kernel: PM: hibernation: Registered nosave memory: [mem 0x6206b000-0x6206cfff]
Nov 28 11:53:05 arch kernel: PM: hibernation: Registered nosave memory: [mem 0x6206d000-0x62071fff]
Nov 28 11:53:05 arch kernel: PM: hibernation: Registered nosave memory: [mem 0x62072000-0x62072fff]
Nov 28 11:53:05 arch kernel: PM: hibernation: Registered nosave memory: [mem 0x62073000-0x62077fff]
Nov 28 11:53:05 arch kernel: PM: hibernation: Registered nosave memory: [mem 0x62078000-0x62079fff]
Nov 28 11:53:05 arch kernel: PM: hibernation: Registered nosave memory: [mem 0x6207a000-0x6379bfff]
Nov 28 11:53:05 arch kernel: PM: hibernation: Registered nosave memory: [mem 0x6379c000-0x63f5ffff]
Nov 28 11:53:05 arch kernel: PM: hibernation: Registered nosave memory: [mem 0x63f60000-0x63ffefff]
Nov 28 11:53:05 arch kernel: PM: hibernation: Registered nosave memory: [mem 0x64000000-0x67ffffff]
Nov 28 11:53:05 arch kernel: PM: hibernation: Registered nosave memory: [mem 0x68000000-0x685fffff]
Nov 28 11:53:05 arch kernel: PM: hibernation: Registered nosave memory: [mem 0x68600000-0x687fffff]
Nov 28 11:53:05 arch kernel: PM: hibernation: Registered nosave memory: [mem 0x68800000-0x68ffffff]
Nov 28 11:53:05 arch kernel: PM: hibernation: Registered nosave memory: [mem 0x69000000-0x707fffff]
Nov 28 11:53:05 arch kernel: PM: hibernation: Registered nosave memory: [mem 0x70800000-0xbfffffff]
Nov 28 11:53:05 arch kernel: PM: hibernation: Registered nosave memory: [mem 0xc0000000-0xcfffffff]
Nov 28 11:53:05 arch kernel: PM: hibernation: Registered nosave memory: [mem 0xd0000000-0xfed1ffff]
Nov 28 11:53:05 arch kernel: PM: hibernation: Registered nosave memory: [mem 0xfed20000-0xfed7ffff]
Nov 28 11:53:05 arch kernel: PM: hibernation: Registered nosave memory: [mem 0xfed80000-0xfeffffff]
Nov 28 11:53:05 arch kernel: PM: hibernation: Registered nosave memory: [mem 0xff000000-0xffffffff]
Nov 28 11:53:05 arch kernel: [mem 0x70800000-0xbfffffff] available for PCI devices
Nov 28 11:53:05 arch kernel: Booting paravirtualized kernel on bare hardware
Nov 28 11:53:05 arch kernel: clocksource: refined-jiffies: mask: 0xffffffff max_cycles: 0xffffffff, max_idle_ns: 19112604462750000 ns
Nov 28 11:53:05 arch kernel: setup_percpu: NR_CPUS:320 nr_cpumask_bits:320 nr_cpu_ids:8 nr_node_ids:1
Nov 28 11:53:05 arch kernel: percpu: Embedded 56 pages/cpu s192512 r8192 d28672 u262144
Nov 28 11:53:05 arch kernel: pcpu-alloc: s192512 r8192 d28672 u262144 alloc=1*2097152
Nov 28 11:53:05 arch kernel: pcpu-alloc: [0] 0 1 2 3 4 5 6 7 
Nov 28 11:53:05 arch kernel: Built 1 zonelists, mobility grouping on.  Total pages: 2005742
Nov 28 11:53:05 arch kernel: Policy zone: Normal
Nov 28 11:53:05 arch kernel: Kernel command line: BOOT_IMAGE=/vmlinuz-linux-lts root=/dev/mapper/volgroup0-lv_root rw cryptdevice=/dev/nvme0n1p3:volgroup0:allow-discards loglevel=3 quiet
Nov 28 11:53:05 arch kernel: Dentry cache hash table entries: 1048576 (order: 11, 8388608 bytes, linear)
Nov 28 11:53:05 arch kernel: Inode-cache hash table entries: 524288 (order: 10, 4194304 bytes, linear)
Nov 28 11:53:05 arch kernel: mem auto-init: stack:byref_all(zero), heap alloc:on, heap free:off
Nov 28 11:53:05 arch kernel: Memory: 7809880K/8150420K available (14343K kernel code, 2034K rwdata, 9064K rodata, 1724K init, 4340K bss, 340280K reserved, 0K cma-reserved)
Nov 28 11:53:05 arch kernel: random: get_random_u64 called from __kmem_cache_create+0x2a/0x4c0 with crng_init=0
Nov 28 11:53:05 arch kernel: SLUB: HWalign=64, Order=0-3, MinObjects=0, CPUs=8, Nodes=1
Nov 28 11:53:05 arch kernel: ftrace: allocating 41550 entries in 163 pages
Nov 28 11:53:05 arch kernel: ftrace: allocated 163 pages with 4 groups
Nov 28 11:53:05 arch kernel: rcu: Hierarchical RCU implementation.
Nov 28 11:53:05 arch kernel: rcu:         RCU restricting CPUs from NR_CPUS=320 to nr_cpu_ids=8.
Nov 28 11:53:05 arch kernel:         Rude variant of Tasks RCU enabled.
Nov 28 11:53:05 arch kernel:         Tracing variant of Tasks RCU enabled.
Nov 28 11:53:05 arch kernel: rcu: RCU calculated value of scheduler-enlistment delay is 10 jiffies.
Nov 28 11:53:05 arch kernel: rcu: Adjusting geometry for rcu_fanout_leaf=16, nr_cpu_ids=8
Nov 28 11:53:05 arch kernel: NR_IRQS: 20736, nr_irqs: 2048, preallocated irqs: 16
Nov 28 11:53:05 arch kernel: Console: colour dummy device 80x25
Nov 28 11:53:05 arch kernel: printk: console [tty0] enabled
Nov 28 11:53:05 arch kernel: ACPI: Core revision 20200925
Nov 28 11:53:05 arch kernel: hpet: HPET dysfunctional in PC10. Force disabled.
Nov 28 11:53:05 arch kernel: APIC: Switch to symmetric I/O mode setup
Nov 28 11:53:05 arch kernel: DMAR: Host address width 39
Nov 28 11:53:05 arch kernel: DMAR: DRHD base: 0x000000fed90000 flags: 0x0
Nov 28 11:53:05 arch kernel: DMAR: dmar0: reg_base_addr fed90000 ver 4:0 cap 1c0000c40660462 ecap 49e2ff0505e
Nov 28 11:53:05 arch kernel: DMAR: DRHD base: 0x000000fed91000 flags: 0x1
Nov 28 11:53:05 arch kernel: DMAR: dmar1: reg_base_addr fed91000 ver 1:0 cap d2008c40660462 ecap f050da
Nov 28 11:53:05 arch kernel: DMAR: RMRR base: 0x00000063309000 end: 0x00000063328fff
Nov 28 11:53:05 arch kernel: DMAR: RMRR base: 0x0000006c000000 end: 0x000000707fffff
Nov 28 11:53:05 arch kernel: DMAR-IR: IOAPIC id 2 under DRHD base  0xfed91000 IOMMU 1
Nov 28 11:53:05 arch kernel: DMAR-IR: HPET id 0 under DRHD base 0xfed91000
Nov 28 11:53:05 arch kernel: DMAR-IR: x2apic is disabled because BIOS sets x2apic opt out bit.
Nov 28 11:53:05 arch kernel: DMAR-IR: Use 'intremap=no_x2apic_optout' to override the BIOS setting.
Nov 28 11:53:05 arch kernel: DMAR-IR: Enabled IRQ remapping in xapic mode
Nov 28 11:53:05 arch kernel: x2apic: IRQ remapping doesn't support X2APIC mode
Nov 28 11:53:05 arch kernel: clocksource: tsc-early: mask: 0xffffffffffffffff max_cycles: 0x1128af0325d, max_idle_ns: 440795261011 ns
Nov 28 11:53:05 arch kernel: Calibrating delay loop (skipped), value calculated using timer frequency.. 2380.80 BogoMIPS (lpj=11904000)
Nov 28 11:53:05 arch kernel: pid_max: default: 32768 minimum: 301
Nov 28 11:53:05 arch kernel: LSM: Security Framework initializing
Nov 28 11:53:05 arch kernel: Yama: becoming mindful.
Nov 28 11:53:05 arch kernel: Mount-cache hash table entries: 16384 (order: 5, 131072 bytes, linear)
Nov 28 11:53:05 arch kernel: Mountpoint-cache hash table entries: 16384 (order: 5, 131072 bytes, linear)
Nov 28 11:53:05 arch kernel: x86/cpu: User Mode Instruction Prevention (UMIP) activated
Nov 28 11:53:05 arch kernel: mce: CPU0: Thermal monitoring enabled (TM1)
Nov 28 11:53:05 arch kernel: process: using mwait in idle threads
Nov 28 11:53:05 arch kernel: Last level iTLB entries: 4KB 0, 2MB 0, 4MB 0
Nov 28 11:53:05 arch kernel: Last level dTLB entries: 4KB 0, 2MB 0, 4MB 0, 1GB 0
Nov 28 11:53:05 arch kernel: Spectre V1 : Mitigation: usercopy/swapgs barriers and __user pointer sanitization
Nov 28 11:53:05 arch kernel: Spectre V2 : Mitigation: Enhanced IBRS
Nov 28 11:53:05 arch kernel: Spectre V2 : Spectre v2 / SpectreRSB mitigation: Filling RSB on context switch
Nov 28 11:53:05 arch kernel: Spectre V2 : mitigation: Enabling conditional Indirect Branch Prediction Barrier
Nov 28 11:53:05 arch kernel: Speculative Store Bypass: Mitigation: Speculative Store Bypass disabled via prctl and seccomp
Nov 28 11:53:05 arch kernel: Freeing SMP alternatives memory: 36K
Nov 28 11:53:05 arch kernel: smpboot: CPU0: Intel(R) Core(TM) i5-1035G1 CPU @ 1.00GHz (family: 0x6, model: 0x7e, stepping: 0x5)
Nov 28 11:53:05 arch kernel: Performance Events: PEBS fmt4+-baseline,  AnyThread deprecated, Icelake events, 32-deep LBR, full-width counters, Intel PMU driver.
Nov 28 11:53:05 arch kernel: ... version:                5
Nov 28 11:53:05 arch kernel: ... bit width:              48
Nov 28 11:53:05 arch kernel: ... generic registers:      8
Nov 28 11:53:05 arch kernel: ... value mask:             0000ffffffffffff
Nov 28 11:53:05 arch kernel: ... max period:             00007fffffffffff
Nov 28 11:53:05 arch kernel: ... fixed-purpose events:   4
Nov 28 11:53:05 arch kernel: ... event mask:             0001000f000000ff
Nov 28 11:53:05 arch kernel: rcu: Hierarchical SRCU implementation.
Nov 28 11:53:05 arch kernel: NMI watchdog: Enabled. Permanently consumes one hw-PMU counter.
Nov 28 11:53:05 arch kernel: smp: Bringing up secondary CPUs ...
Nov 28 11:53:05 arch kernel: x86: Booting SMP configuration:
Nov 28 11:53:05 arch kernel: .... node  #0, CPUs:      #1 #2 #3 #4 #5 #6 #7
Nov 28 11:53:05 arch kernel: smp: Brought up 1 node, 8 CPUs
Nov 28 11:53:05 arch kernel: smpboot: Max logical packages: 1
Nov 28 11:53:05 arch kernel: smpboot: Total of 8 processors activated (19046.40 BogoMIPS)
Nov 28 11:53:05 arch kernel: devtmpfs: initialized
Nov 28 11:53:05 arch kernel: x86/mm: Memory block size: 128MB
Nov 28 11:53:05 arch kernel: PM: Registering ACPI NVS region [mem 0x4c02f000-0x4c02ffff] (4096 bytes)
Nov 28 11:53:05 arch kernel: PM: Registering ACPI NVS region [mem 0x6379c000-0x63f5ffff] (8142848 bytes)
Nov 28 11:53:05 arch kernel: clocksource: jiffies: mask: 0xffffffff max_cycles: 0xffffffff, max_idle_ns: 19112604462750000 ns
Nov 28 11:53:05 arch kernel: futex hash table entries: 2048 (order: 5, 131072 bytes, linear)
Nov 28 11:53:05 arch kernel: pinctrl core: initialized pinctrl subsystem
Nov 28 11:53:05 arch kernel: PM: RTC time: 09:52:58, date: 2021-11-28
Nov 28 11:53:05 arch kernel: NET: Registered protocol family 16
Nov 28 11:53:05 arch kernel: DMA: preallocated 1024 KiB GFP_KERNEL pool for atomic allocations
Nov 28 11:53:05 arch kernel: DMA: preallocated 1024 KiB GFP_KERNEL|GFP_DMA pool for atomic allocations
Nov 28 11:53:05 arch kernel: DMA: preallocated 1024 KiB GFP_KERNEL|GFP_DMA32 pool for atomic allocations
Nov 28 11:53:05 arch kernel: audit: initializing netlink subsys (disabled)
Nov 28 11:53:05 arch kernel: audit: type=2000 audit(1638093178.010:1): state=initialized audit_enabled=0 res=1
Nov 28 11:53:05 arch kernel: thermal_sys: Registered thermal governor 'fair_share'
Nov 28 11:53:05 arch kernel: thermal_sys: Registered thermal governor 'bang_bang'
Nov 28 11:53:05 arch kernel: thermal_sys: Registered thermal governor 'step_wise'
Nov 28 11:53:05 arch kernel: thermal_sys: Registered thermal governor 'user_space'
Nov 28 11:53:05 arch kernel: thermal_sys: Registered thermal governor 'power_allocator'
Nov 28 11:53:05 arch kernel: cpuidle: using governor ladder
Nov 28 11:53:05 arch kernel: cpuidle: using governor menu
Nov 28 11:53:05 arch kernel: Simple Boot Flag at 0x47 set to 0x80
Nov 28 11:53:05 arch kernel: ACPI FADT declares the system doesn't support PCIe ASPM, so disable it
Nov 28 11:53:05 arch kernel: ACPI: bus type PCI registered
Nov 28 11:53:05 arch kernel: acpiphp: ACPI Hot Plug PCI Controller Driver version: 0.5
Nov 28 11:53:05 arch kernel: PCI: MMCONFIG for domain 0000 [bus 00-ff] at [mem 0xc0000000-0xcfffffff] (base 0xc0000000)
Nov 28 11:53:05 arch kernel: PCI: MMCONFIG at [mem 0xc0000000-0xcfffffff] reserved in E820
Nov 28 11:53:05 arch kernel: PCI: Using configuration type 1 for base access
Nov 28 11:53:05 arch kernel: ENERGY_PERF_BIAS: Set to 'normal', was 'performance'
Nov 28 11:53:05 arch kernel: Kprobes globally optimized
Nov 28 11:53:05 arch kernel: HugeTLB registered 1.00 GiB page size, pre-allocated 0 pages
Nov 28 11:53:05 arch kernel: HugeTLB registered 2.00 MiB page size, pre-allocated 0 pages
Nov 28 11:53:05 arch kernel: ACPI: Added _OSI(Module Device)
Nov 28 11:53:05 arch kernel: ACPI: Added _OSI(Processor Device)
Nov 28 11:53:05 arch kernel: ACPI: Added _OSI(3.0 _SCP Extensions)
Nov 28 11:53:05 arch kernel: ACPI: Added _OSI(Processor Aggregator Device)
Nov 28 11:53:05 arch kernel: ACPI: Added _OSI(Linux-Dell-Video)
Nov 28 11:53:05 arch kernel: ACPI: Added _OSI(Linux-Lenovo-NV-HDMI-Audio)
Nov 28 11:53:05 arch kernel: ACPI: Added _OSI(Linux-HPI-Hybrid-Graphics)
Nov 28 11:53:05 arch kernel: ACPI: 12 ACPI AML tables successfully acquired and loaded
Nov 28 11:53:05 arch kernel: ACPI: Dynamic OEM Table Load:
Nov 28 11:53:05 arch kernel: ACPI: SSDT 0xFFFF8AC3411DD200 0000F4 (v02 PmRef  Cpu0Psd  00003000 INTL 20180927)
Nov 28 11:53:05 arch kernel: ACPI: \_SB_.PR00: _OSC native thermal LVT Acked
Nov 28 11:53:05 arch kernel: ACPI: Dynamic OEM Table Load:
Nov 28 11:53:05 arch kernel: ACPI: SSDT 0xFFFF8AC341346000 000496 (v02 PmRef  Cpu0Cst  00003001 INTL 20180927)
Nov 28 11:53:05 arch kernel: ACPI: Dynamic OEM Table Load:
Nov 28 11:53:05 arch kernel: ACPI: SSDT 0xFFFF8AC3411FF800 000371 (v02 PmRef  Cpu0Ist  00003000 INTL 20180927)
Nov 28 11:53:05 arch kernel: ACPI: Dynamic OEM Table Load:
Nov 28 11:53:05 arch kernel: ACPI: SSDT 0xFFFF8AC341122400 00012C (v02 PmRef  Cpu0Hwp  00003000 INTL 20180927)
Nov 28 11:53:05 arch kernel: ACPI: Dynamic OEM Table Load:
Nov 28 11:53:05 arch kernel: ACPI: SSDT 0xFFFF8AC341341800 000724 (v02 PmRef  HwpLvt   00003000 INTL 20180927)
Nov 28 11:53:05 arch kernel: ACPI: Dynamic OEM Table Load:
Nov 28 11:53:05 arch kernel: ACPI: SSDT 0xFFFF8AC341343800 0005FC (v02 PmRef  ApIst    00003000 INTL 20180927)
Nov 28 11:53:05 arch kernel: ACPI: Dynamic OEM Table Load:
Nov 28 11:53:05 arch kernel: ACPI: SSDT 0xFFFF8AC3411FA400 000317 (v02 PmRef  ApHwp    00003000 INTL 20180927)
Nov 28 11:53:05 arch kernel: ACPI: Dynamic OEM Table Load:
Nov 28 11:53:05 arch kernel: ACPI: SSDT 0xFFFF8AC3411EB000 000AB0 (v02 PmRef  ApPsd    00003000 INTL 20180927)
Nov 28 11:53:05 arch kernel: ACPI: Dynamic OEM Table Load:
Nov 28 11:53:05 arch kernel: ACPI: SSDT 0xFFFF8AC3411FB800 00030A (v02 PmRef  ApCst    00003000 INTL 20180927)
Nov 28 11:53:05 arch kernel: ACPI: EC: EC started
Nov 28 11:53:05 arch kernel: ACPI: EC: interrupt blocked
Nov 28 11:53:05 arch kernel: ACPI: EC: EC_CMD/EC_SC=0x934, EC_DATA=0x930
Nov 28 11:53:05 arch kernel: ACPI: \_SB_.PCI0.LPCB.ECDV: Boot DSDT EC used to handle transactions
Nov 28 11:53:05 arch kernel: ACPI: Interpreter enabled
Nov 28 11:53:05 arch kernel: ACPI: (supports S0 S3 S4 S5)
Nov 28 11:53:05 arch kernel: ACPI: Using IOAPIC for interrupt routing
Nov 28 11:53:05 arch kernel: PCI: Using host bridge windows from ACPI; if necessary, use "pci=nocrs" and report a bug
Nov 28 11:53:05 arch kernel: ACPI: Enabled 8 GPEs in block 00 to 7F
Nov 28 11:53:05 arch kernel: ACPI: Power Resource [WRST] (on)
Nov 28 11:53:05 arch kernel: ACPI: Power Resource [DRST] (on)
Nov 28 11:53:05 arch kernel: ACPI: Power Resource [V0PR] (on)
Nov 28 11:53:05 arch kernel: ACPI: Power Resource [V1PR] (on)
Nov 28 11:53:05 arch kernel: ACPI: Power Resource [V2PR] (on)
Nov 28 11:53:05 arch kernel: ACPI: Power Resource [WRST] (on)
Nov 28 11:53:05 arch kernel: ACPI: Power Resource [TBT0] (on)
Nov 28 11:53:05 arch kernel: ACPI: Power Resource [TBT1] (on)
Nov 28 11:53:05 arch kernel: ACPI: Power Resource [D3C] (on)
Nov 28 11:53:05 arch kernel: ACPI: Power Resource [PIN] (off)
Nov 28 11:53:05 arch kernel: ACPI: PCI Root Bridge [PCI0] (domain 0000 [bus 00-fe])
Nov 28 11:53:05 arch kernel: acpi PNP0A08:00: _OSC: OS supports [ExtendedConfig ASPM ClockPM Segments MSI EDR HPX-Type3]
Nov 28 11:53:05 arch kernel: acpi PNP0A08:00: _OSC: platform does not support [AER]
Nov 28 11:53:05 arch kernel: acpi PNP0A08:00: _OSC: OS now controls [PCIeHotplug SHPCHotplug PME PCIeCapability LTR DPC]
Nov 28 11:53:05 arch kernel: acpi PNP0A08:00: FADT indicates ASPM is unsupported, using BIOS configuration
Nov 28 11:53:05 arch kernel: PCI host bridge to bus 0000:00
Nov 28 11:53:05 arch kernel: pci_bus 0000:00: root bus resource [io  0x0000-0x0cf7 window]
Nov 28 11:53:05 arch kernel: pci_bus 0000:00: root bus resource [io  0x0d00-0xffff window]
Nov 28 11:53:05 arch kernel: pci_bus 0000:00: root bus resource [mem 0x000a0000-0x000bffff window]
Nov 28 11:53:05 arch kernel: pci_bus 0000:00: root bus resource [mem 0x000c0000-0x000c3fff window]
Nov 28 11:53:05 arch kernel: pci_bus 0000:00: root bus resource [mem 0x000c4000-0x000c7fff window]
Nov 28 11:53:05 arch kernel: pci_bus 0000:00: root bus resource [mem 0x000c8000-0x000cbfff window]
Nov 28 11:53:05 arch kernel: pci_bus 0000:00: root bus resource [mem 0x000cc000-0x000cffff window]
Nov 28 11:53:05 arch kernel: pci_bus 0000:00: root bus resource [mem 0x000d0000-0x000d3fff window]
Nov 28 11:53:05 arch kernel: pci_bus 0000:00: root bus resource [mem 0x000d4000-0x000d7fff window]
Nov 28 11:53:05 arch kernel: pci_bus 0000:00: root bus resource [mem 0x000d8000-0x000dbfff window]
Nov 28 11:53:05 arch kernel: pci_bus 0000:00: root bus resource [mem 0x000dc000-0x000dffff window]
Nov 28 11:53:05 arch kernel: pci_bus 0000:00: root bus resource [mem 0x000e0000-0x000e3fff window]
Nov 28 11:53:05 arch kernel: pci_bus 0000:00: root bus resource [mem 0x000e4000-0x000e7fff window]
Nov 28 11:53:05 arch kernel: pci_bus 0000:00: root bus resource [mem 0x000e8000-0x000ebfff window]
Nov 28 11:53:05 arch kernel: pci_bus 0000:00: root bus resource [mem 0x000ec000-0x000effff window]
Nov 28 11:53:05 arch kernel: pci_bus 0000:00: root bus resource [mem 0x000f0000-0x000fffff window]
Nov 28 11:53:05 arch kernel: pci_bus 0000:00: root bus resource [mem 0x70800000-0xbfffffff window]
Nov 28 11:53:05 arch kernel: pci_bus 0000:00: root bus resource [mem 0x4000000000-0x7fffffffff window]
Nov 28 11:53:05 arch kernel: pci_bus 0000:00: root bus resource [bus 00-fe]
Nov 28 11:53:05 arch kernel: pci 0000:00:00.0: [8086:8a12] type 00 class 0x060000
Nov 28 11:53:05 arch kernel: pci 0000:00:02.0: [8086:8a56] type 00 class 0x030000
Nov 28 11:53:05 arch kernel: pci 0000:00:02.0: reg 0x10: [mem 0x6000000000-0x6000ffffff 64bit]
Nov 28 11:53:05 arch kernel: pci 0000:00:02.0: reg 0x18: [mem 0x4000000000-0x400fffffff 64bit pref]
Nov 28 11:53:05 arch kernel: pci 0000:00:02.0: reg 0x20: [io  0x4000-0x403f]
Nov 28 11:53:05 arch kernel: pci 0000:00:02.0: BAR 2: assigned to efifb
Nov 28 11:53:05 arch kernel: pci 0000:00:02.0: DMAR: Skip IOMMU disabling for graphics
Nov 28 11:53:05 arch kernel: pci 0000:00:04.0: [8086:8a03] type 00 class 0x118000
Nov 28 11:53:05 arch kernel: pci 0000:00:04.0: reg 0x10: [mem 0x6001120000-0x600112ffff 64bit]
Nov 28 11:53:05 arch kernel: pci 0000:00:0d.0: [8086:8a13] type 00 class 0x0c0330
Nov 28 11:53:05 arch kernel: pci 0000:00:0d.0: reg 0x10: [mem 0x6001110000-0x600111ffff 64bit]
Nov 28 11:53:05 arch kernel: pci 0000:00:0d.0: PME# supported from D3hot D3cold
Nov 28 11:53:05 arch kernel: pci 0000:00:12.0: [8086:34fc] type 00 class 0x070000
Nov 28 11:53:05 arch kernel: pci 0000:00:12.0: reg 0x10: [mem 0x6001136000-0x6001137fff 64bit]
Nov 28 11:53:05 arch kernel: pci 0000:00:12.0: PME# supported from D0 D3hot
Nov 28 11:53:05 arch kernel: pci 0000:00:14.0: [8086:34ed] type 00 class 0x0c0330
Nov 28 11:53:05 arch kernel: pci 0000:00:14.0: reg 0x10: [mem 0x6001100000-0x600110ffff 64bit]
Nov 28 11:53:05 arch kernel: pci 0000:00:14.0: PME# supported from D3hot D3cold
Nov 28 11:53:05 arch kernel: pci 0000:00:14.2: [8086:34ef] type 00 class 0x050000
Nov 28 11:53:05 arch kernel: pci 0000:00:14.2: reg 0x10: [mem 0x6001134000-0x6001135fff 64bit]
Nov 28 11:53:05 arch kernel: pci 0000:00:14.2: reg 0x18: [mem 0x600113c000-0x600113cfff 64bit]
Nov 28 11:53:05 arch kernel: pci 0000:00:15.0: [8086:34e8] type 00 class 0x0c8000
Nov 28 11:53:05 arch kernel: pci 0000:00:15.0: reg 0x10: [mem 0x00000000-0x00000fff 64bit]
Nov 28 11:53:05 arch kernel: pci 0000:00:15.1: [8086:34e9] type 00 class 0x0c8000
Nov 28 11:53:05 arch kernel: pci 0000:00:15.1: reg 0x10: [mem 0x00000000-0x00000fff 64bit]
Nov 28 11:53:05 arch kernel: pci 0000:00:16.0: [8086:34e0] type 00 class 0x078000
Nov 28 11:53:05 arch kernel: pci 0000:00:16.0: reg 0x10: [mem 0x6001139000-0x6001139fff 64bit]
Nov 28 11:53:05 arch kernel: pci 0000:00:16.0: PME# supported from D3hot
Nov 28 11:53:05 arch kernel: pci 0000:00:1c.0: [8086:34be] type 01 class 0x060400
Nov 28 11:53:05 arch kernel: pci 0000:00:1c.0: PME# supported from D0 D3hot D3cold
Nov 28 11:53:05 arch kernel: pci 0000:00:1c.0: PTM enabled (root), 4ns granularity
Nov 28 11:53:05 arch kernel: pci 0000:00:1c.7: [8086:34bf] type 01 class 0x060400
Nov 28 11:53:05 arch kernel: pci 0000:00:1c.7: PME# supported from D0 D3hot D3cold
Nov 28 11:53:05 arch kernel: pci 0000:00:1c.7: PTM enabled (root), 4ns granularity
Nov 28 11:53:05 arch kernel: pci 0000:00:1d.0: [8086:34b4] type 01 class 0x060400
Nov 28 11:53:05 arch kernel: pci 0000:00:1d.0: PME# supported from D0 D3hot D3cold
Nov 28 11:53:05 arch kernel: pci 0000:00:1d.0: PTM enabled (root), 4ns granularity
Nov 28 11:53:05 arch kernel: pci 0000:00:1f.0: [8086:3482] type 00 class 0x060100
Nov 28 11:53:05 arch kernel: pci 0000:00:1f.3: [8086:34c8] type 00 class 0x040380
Nov 28 11:53:05 arch kernel: pci 0000:00:1f.3: reg 0x10: [mem 0x6001130000-0x6001133fff 64bit]
Nov 28 11:53:05 arch kernel: pci 0000:00:1f.3: reg 0x20: [mem 0x6001000000-0x60010fffff 64bit]
Nov 28 11:53:05 arch kernel: pci 0000:00:1f.3: PME# supported from D3hot D3cold
Nov 28 11:53:05 arch kernel: pci 0000:00:1f.4: [8086:34a3] type 00 class 0x0c0500
Nov 28 11:53:05 arch kernel: pci 0000:00:1f.4: reg 0x10: [mem 0x6001138000-0x60011380ff 64bit]
Nov 28 11:53:05 arch kernel: pci 0000:00:1f.4: reg 0x20: [io  0xefa0-0xefbf]
Nov 28 11:53:05 arch kernel: pci 0000:00:1f.5: [8086:34a4] type 00 class 0x0c8000
Nov 28 11:53:05 arch kernel: pci 0000:00:1f.5: reg 0x10: [mem 0xfe010000-0xfe010fff]
Nov 28 11:53:05 arch kernel: pci 0000:01:00.0: [168c:003e] type 00 class 0x028000
Nov 28 11:53:05 arch kernel: pci 0000:01:00.0: reg 0x10: [mem 0x70800000-0x709fffff 64bit]
Nov 28 11:53:05 arch kernel: pci 0000:01:00.0: PME# supported from D0 D3hot D3cold
Nov 28 11:53:05 arch kernel: pci 0000:00:1c.0: PCI bridge to [bus 01]
Nov 28 11:53:05 arch kernel: pci 0000:00:1c.0:   bridge window [mem 0x70800000-0x709fffff]
Nov 28 11:53:05 arch kernel: pci 0000:02:00.0: [10ec:8168] type 00 class 0x020000
Nov 28 11:53:05 arch kernel: pci 0000:02:00.0: reg 0x10: [io  0x3000-0x30ff]
Nov 28 11:53:05 arch kernel: pci 0000:02:00.0: reg 0x18: [mem 0x70b04000-0x70b04fff 64bit]
Nov 28 11:53:05 arch kernel: pci 0000:02:00.0: reg 0x20: [mem 0x70b00000-0x70b03fff 64bit]
Nov 28 11:53:05 arch kernel: pci 0000:02:00.0: supports D1 D2
Nov 28 11:53:05 arch kernel: pci 0000:02:00.0: PME# supported from D0 D1 D2 D3hot D3cold
Nov 28 11:53:05 arch kernel: pci 0000:00:1c.7: PCI bridge to [bus 02]
Nov 28 11:53:05 arch kernel: pci 0000:00:1c.7:   bridge window [io  0x3000-0x3fff]
Nov 28 11:53:05 arch kernel: pci 0000:00:1c.7:   bridge window [mem 0x70b00000-0x70bfffff]
Nov 28 11:53:05 arch kernel: pci 0000:03:00.0: [144d:a809] type 00 class 0x010802
Nov 28 11:53:05 arch kernel: pci 0000:03:00.0: reg 0x10: [mem 0x70a00000-0x70a03fff 64bit]
Nov 28 11:53:05 arch kernel: pci 0000:00:1d.0: PCI bridge to [bus 03]
Nov 28 11:53:05 arch kernel: pci 0000:00:1d.0:   bridge window [mem 0x70a00000-0x70afffff]
Nov 28 11:53:05 arch kernel: ACPI: EC: interrupt unblocked
Nov 28 11:53:05 arch kernel: ACPI: EC: event unblocked
Nov 28 11:53:05 arch kernel: ACPI: EC: EC_CMD/EC_SC=0x934, EC_DATA=0x930
Nov 28 11:53:05 arch kernel: ACPI: EC: GPE=0x6e
Nov 28 11:53:05 arch kernel: ACPI: \_SB_.PCI0.LPCB.ECDV: Boot DSDT EC initialization complete
Nov 28 11:53:05 arch kernel: ACPI: \_SB_.PCI0.LPCB.ECDV: EC: Used to handle transactions and events
Nov 28 11:53:05 arch kernel: iommu: Default domain type: Translated 
Nov 28 11:53:05 arch kernel: pci 0000:00:02.0: vgaarb: setting as boot VGA device
Nov 28 11:53:05 arch kernel: pci 0000:00:02.0: vgaarb: VGA device added: decodes=io+mem,owns=io+mem,locks=none
Nov 28 11:53:05 arch kernel: pci 0000:00:02.0: vgaarb: bridge control possible
Nov 28 11:53:05 arch kernel: vgaarb: loaded
Nov 28 11:53:05 arch kernel: SCSI subsystem initialized
Nov 28 11:53:05 arch kernel: libata version 3.00 loaded.
Nov 28 11:53:05 arch kernel: ACPI: bus type USB registered
Nov 28 11:53:05 arch kernel: usbcore: registered new interface driver usbfs
Nov 28 11:53:05 arch kernel: usbcore: registered new interface driver hub
Nov 28 11:53:05 arch kernel: usbcore: registered new device driver usb
Nov 28 11:53:05 arch kernel: pps_core: LinuxPPS API ver. 1 registered
Nov 28 11:53:05 arch kernel: pps_core: Software ver. 5.3.6 - Copyright 2005-2007 Rodolfo Giometti <giometti@linux.it>
Nov 28 11:53:05 arch kernel: PTP clock support registered
Nov 28 11:53:05 arch kernel: EDAC MC: Ver: 3.0.0
Nov 28 11:53:05 arch kernel: Registered efivars operations
Nov 28 11:53:05 arch kernel: NetLabel: Initializing
Nov 28 11:53:05 arch kernel: NetLabel:  domain hash size = 128
Nov 28 11:53:05 arch kernel: NetLabel:  protocols = UNLABELED CIPSOv4 CALIPSO
Nov 28 11:53:05 arch kernel: NetLabel:  unlabeled traffic allowed by default
Nov 28 11:53:05 arch kernel: PCI: Using ACPI for IRQ routing
Nov 28 11:53:05 arch kernel: PCI: pci_cache_line_size set to 64 bytes
Nov 28 11:53:05 arch kernel: pci 0000:00:1f.5: can't claim BAR 0 [mem 0xfe010000-0xfe010fff]: no compatible bridge window
Nov 28 11:53:05 arch kernel: e820: reserve RAM buffer [mem 0x0009f000-0x0009ffff]
Nov 28 11:53:05 arch kernel: e820: reserve RAM buffer [mem 0x4c02f000-0x4fffffff]
Nov 28 11:53:05 arch kernel: e820: reserve RAM buffer [mem 0x5f948000-0x5fffffff]
Nov 28 11:53:05 arch kernel: e820: reserve RAM buffer [mem 0x61fc8000-0x63ffffff]
Nov 28 11:53:05 arch kernel: e820: reserve RAM buffer [mem 0x28f800000-0x28fffffff]
Nov 28 11:53:05 arch kernel: clocksource: Switched to clocksource tsc-early
Nov 28 11:53:05 arch kernel: VFS: Disk quotas dquot_6.6.0
Nov 28 11:53:05 arch kernel: VFS: Dquot-cache hash table entries: 512 (order 0, 4096 bytes)
Nov 28 11:53:05 arch kernel: pnp: PnP ACPI init
Nov 28 11:53:05 arch kernel: system 00:00: [io  0x0680-0x069f] has been reserved
Nov 28 11:53:05 arch kernel: system 00:00: [io  0x164e-0x164f] has been reserved
Nov 28 11:53:05 arch kernel: system 00:00: Plug and Play ACPI device, IDs PNP0c02 (active)
Nov 28 11:53:05 arch kernel: pnp 00:01: Plug and Play ACPI device, IDs PNP0b00 (active)
Nov 28 11:53:05 arch kernel: system 00:02: [io  0x1854-0x1857] has been reserved
Nov 28 11:53:05 arch kernel: system 00:02: Plug and Play ACPI device, IDs INT3f0d PNP0c02 (active)
Nov 28 11:53:05 arch kernel: pnp 00:03: Plug and Play ACPI device, IDs PNP0303 (active)
Nov 28 11:53:05 arch kernel: pnp 00:04: Plug and Play ACPI device, IDs DLL09eb PNP0f13 (active)
Nov 28 11:53:05 arch kernel: system 00:05: [mem 0xfed10000-0xfed17fff] has been reserved
Nov 28 11:53:05 arch kernel: system 00:05: [mem 0xfeda0000-0xfeda0fff] has been reserved
Nov 28 11:53:05 arch kernel: system 00:05: [mem 0xfeda1000-0xfeda1fff] has been reserved
Nov 28 11:53:05 arch kernel: system 00:05: [mem 0xc0000000-0xcfffffff] has been reserved
Nov 28 11:53:05 arch kernel: system 00:05: [mem 0xfed20000-0xfed7ffff] could not be reserved
Nov 28 11:53:05 arch kernel: system 00:05: [mem 0xfed90000-0xfed93fff] could not be reserved
Nov 28 11:53:05 arch kernel: system 00:05: [mem 0xfee00000-0xfeefffff] has been reserved
Nov 28 11:53:05 arch kernel: system 00:05: Plug and Play ACPI device, IDs PNP0c02 (active)
Nov 28 11:53:05 arch kernel: system 00:06: [io  0x1800-0x18fe] could not be reserved
Nov 28 11:53:05 arch kernel: system 00:06: [mem 0xfd000000-0xfd68ffff] has been reserved
Nov 28 11:53:05 arch kernel: system 00:06: [mem 0xfd6b0000-0xfd6cffff] has been reserved
Nov 28 11:53:05 arch kernel: system 00:06: [mem 0xfd6f0000-0xfdffffff] has been reserved
Nov 28 11:53:05 arch kernel: system 00:06: [mem 0xfe000000-0xfe01ffff] has been reserved
Nov 28 11:53:05 arch kernel: system 00:06: [mem 0xfe200000-0xfe7fffff] has been reserved
Nov 28 11:53:05 arch kernel: system 00:06: [mem 0xff000000-0xffffffff] has been reserved
Nov 28 11:53:05 arch kernel: system 00:06: Plug and Play ACPI device, IDs PNP0c02 (active)
Nov 28 11:53:05 arch kernel: system 00:07: [io  0x2000-0x20fe] has been reserved
Nov 28 11:53:05 arch kernel: system 00:07: Plug and Play ACPI device, IDs PNP0c02 (active)
Nov 28 11:53:05 arch kernel: system 00:08: [mem 0xfe038000-0xfe038fff] has been reserved
Nov 28 11:53:05 arch kernel: system 00:08: Plug and Play ACPI device, IDs PNP0c02 (active)
Nov 28 11:53:05 arch kernel: pnp: PnP ACPI: found 9 devices
Nov 28 11:53:05 arch kernel: clocksource: acpi_pm: mask: 0xffffff max_cycles: 0xffffff, max_idle_ns: 2085701024 ns
Nov 28 11:53:05 arch kernel: NET: Registered protocol family 2
Nov 28 11:53:05 arch kernel: IP idents hash table entries: 131072 (order: 8, 1048576 bytes, linear)
Nov 28 11:53:05 arch kernel: tcp_listen_portaddr_hash hash table entries: 4096 (order: 4, 65536 bytes, linear)
Nov 28 11:53:05 arch kernel: TCP established hash table entries: 65536 (order: 7, 524288 bytes, linear)
Nov 28 11:53:05 arch kernel: TCP bind hash table entries: 65536 (order: 8, 1048576 bytes, linear)
Nov 28 11:53:05 arch kernel: TCP: Hash tables configured (established 65536 bind 65536)
Nov 28 11:53:05 arch kernel: MPTCP token hash table entries: 8192 (order: 5, 196608 bytes, linear)
Nov 28 11:53:05 arch kernel: UDP hash table entries: 4096 (order: 5, 131072 bytes, linear)
Nov 28 11:53:05 arch kernel: UDP-Lite hash table entries: 4096 (order: 5, 131072 bytes, linear)
Nov 28 11:53:05 arch kernel: NET: Registered protocol family 1
Nov 28 11:53:05 arch kernel: NET: Registered protocol family 44
Nov 28 11:53:05 arch kernel: pci 0000:00:15.0: BAR 0: assigned [mem 0x4010000000-0x4010000fff 64bit]
Nov 28 11:53:05 arch kernel: pci 0000:00:15.1: BAR 0: assigned [mem 0x4010001000-0x4010001fff 64bit]
Nov 28 11:53:05 arch kernel: pci 0000:00:1f.5: BAR 0: assigned [mem 0x70c00000-0x70c00fff]
Nov 28 11:53:05 arch kernel: pci 0000:00:1c.0: PCI bridge to [bus 01]
Nov 28 11:53:05 arch kernel: pci 0000:00:1c.0:   bridge window [mem 0x70800000-0x709fffff]
Nov 28 11:53:05 arch kernel: pci 0000:00:1c.7: PCI bridge to [bus 02]
Nov 28 11:53:05 arch kernel: pci 0000:00:1c.7:   bridge window [io  0x3000-0x3fff]
Nov 28 11:53:05 arch kernel: pci 0000:00:1c.7:   bridge window [mem 0x70b00000-0x70bfffff]
Nov 28 11:53:05 arch kernel: pci 0000:00:1d.0: PCI bridge to [bus 03]
Nov 28 11:53:05 arch kernel: pci 0000:00:1d.0:   bridge window [mem 0x70a00000-0x70afffff]
Nov 28 11:53:05 arch kernel: pci_bus 0000:00: resource 4 [io  0x0000-0x0cf7 window]
Nov 28 11:53:05 arch kernel: pci_bus 0000:00: resource 5 [io  0x0d00-0xffff window]
Nov 28 11:53:05 arch kernel: pci_bus 0000:00: resource 6 [mem 0x000a0000-0x000bffff window]
Nov 28 11:53:05 arch kernel: pci_bus 0000:00: resource 7 [mem 0x000c0000-0x000c3fff window]
Nov 28 11:53:05 arch kernel: pci_bus 0000:00: resource 8 [mem 0x000c4000-0x000c7fff window]
Nov 28 11:53:05 arch kernel: pci_bus 0000:00: resource 9 [mem 0x000c8000-0x000cbfff window]
Nov 28 11:53:05 arch kernel: pci_bus 0000:00: resource 10 [mem 0x000cc000-0x000cffff window]
Nov 28 11:53:05 arch kernel: pci_bus 0000:00: resource 11 [mem 0x000d0000-0x000d3fff window]
Nov 28 11:53:05 arch kernel: pci_bus 0000:00: resource 12 [mem 0x000d4000-0x000d7fff window]
Nov 28 11:53:05 arch kernel: pci_bus 0000:00: resource 13 [mem 0x000d8000-0x000dbfff window]
Nov 28 11:53:05 arch kernel: pci_bus 0000:00: resource 14 [mem 0x000dc000-0x000dffff window]
Nov 28 11:53:05 arch kernel: pci_bus 0000:00: resource 15 [mem 0x000e0000-0x000e3fff window]
Nov 28 11:53:05 arch kernel: pci_bus 0000:00: resource 16 [mem 0x000e4000-0x000e7fff window]
Nov 28 11:53:05 arch kernel: pci_bus 0000:00: resource 17 [mem 0x000e8000-0x000ebfff window]
Nov 28 11:53:05 arch kernel: pci_bus 0000:00: resource 18 [mem 0x000ec000-0x000effff window]
Nov 28 11:53:05 arch kernel: pci_bus 0000:00: resource 19 [mem 0x000f0000-0x000fffff window]
Nov 28 11:53:05 arch kernel: pci_bus 0000:00: resource 20 [mem 0x70800000-0xbfffffff window]
Nov 28 11:53:05 arch kernel: pci_bus 0000:00: resource 21 [mem 0x4000000000-0x7fffffffff window]
Nov 28 11:53:05 arch kernel: pci_bus 0000:01: resource 1 [mem 0x70800000-0x709fffff]
Nov 28 11:53:05 arch kernel: pci_bus 0000:02: resource 0 [io  0x3000-0x3fff]
Nov 28 11:53:05 arch kernel: pci_bus 0000:02: resource 1 [mem 0x70b00000-0x70bfffff]
Nov 28 11:53:05 arch kernel: pci_bus 0000:03: resource 1 [mem 0x70a00000-0x70afffff]
Nov 28 11:53:05 arch kernel: pci 0000:00:02.0: Video device with shadowed ROM at [mem 0x000c0000-0x000dffff]
Nov 28 11:53:05 arch kernel: pci 0000:00:0d.0: enabling device (0000 -> 0002)
Nov 28 11:53:05 arch kernel: PCI: CLS 0 bytes, default 64
Nov 28 11:53:05 arch kernel: Trying to unpack rootfs image as initramfs...
Nov 28 11:53:05 arch kernel: Freeing initrd memory: 21096K
Nov 28 11:53:05 arch kernel: PCI-DMA: Using software bounce buffering for IO (SWIOTLB)
Nov 28 11:53:05 arch kernel: software IO TLB: mapped [mem 0x0000000056995000-0x000000005a995000] (64MB)
Nov 28 11:53:05 arch kernel: clocksource: tsc: mask: 0xffffffffffffffff max_cycles: 0x1128af0325d, max_idle_ns: 440795261011 ns
Nov 28 11:53:05 arch kernel: clocksource: Switched to clocksource tsc
Nov 28 11:53:05 arch kernel: check: Scanning for low memory corruption every 60 seconds
Nov 28 11:53:05 arch kernel: Initialise system trusted keyrings
Nov 28 11:53:05 arch kernel: Key type blacklist registered
Nov 28 11:53:05 arch kernel: workingset: timestamp_bits=41 max_order=21 bucket_order=0
Nov 28 11:53:05 arch kernel: zbud: loaded
Nov 28 11:53:05 arch kernel: Key type asymmetric registered
Nov 28 11:53:05 arch kernel: Asymmetric key parser 'x509' registered
Nov 28 11:53:05 arch kernel: Block layer SCSI generic (bsg) driver version 0.4 loaded (major 243)
Nov 28 11:53:05 arch kernel: io scheduler mq-deadline registered
Nov 28 11:53:05 arch kernel: io scheduler kyber registered
Nov 28 11:53:05 arch kernel: io scheduler bfq registered
Nov 28 11:53:05 arch kernel: atomic64_test: passed for x86-64 platform with CX8 and with SSE
Nov 28 11:53:05 arch kernel: pcieport 0000:00:1c.0: PME: Signaling with IRQ 122
Nov 28 11:53:05 arch kernel: pcieport 0000:00:1c.7: PME: Signaling with IRQ 123
Nov 28 11:53:05 arch kernel: pcieport 0000:00:1d.0: PME: Signaling with IRQ 124
Nov 28 11:53:05 arch kernel: shpchp: Standard Hot Plug PCI Controller Driver version: 0.4
Nov 28 11:53:05 arch kernel: efifb: probing for efifb
Nov 28 11:53:05 arch kernel: efifb: showing boot graphics
Nov 28 11:53:05 arch kernel: efifb: framebuffer at 0x4000000000, using 8128k, total 8128k
Nov 28 11:53:05 arch kernel: efifb: mode is 1920x1080x32, linelength=7680, pages=1
Nov 28 11:53:05 arch kernel: efifb: scrolling: redraw
Nov 28 11:53:05 arch kernel: efifb: Truecolor: size=8:8:8:8, shift=24:16:8:0
Nov 28 11:53:05 arch kernel: fbcon: Deferring console take-over
Nov 28 11:53:05 arch kernel: fb0: EFI VGA frame buffer device
Nov 28 11:53:05 arch kernel: intel_idle: MWAIT substates: 0x11121020
Nov 28 11:53:05 arch kernel: Monitor-Mwait will be used to enter C-1 state
Nov 28 11:53:05 arch kernel: Monitor-Mwait will be used to enter C-2 state
Nov 28 11:53:05 arch kernel: Monitor-Mwait will be used to enter C-3 state
Nov 28 11:53:05 arch kernel: ACPI: \_SB_.PR00: Found 3 idle states
Nov 28 11:53:05 arch kernel: intel_idle: v0.5.1 model 0x7E
Nov 28 11:53:05 arch kernel: intel_idle: Local APIC timer is reliable in all C-states
Nov 28 11:53:05 arch kernel: ACPI: AC Adapter [AC] (off-line)
Nov 28 11:53:05 arch kernel: input: Lid Switch as /devices/LNXSYSTM:00/LNXSYBUS:00/PNP0C0D:00/input/input0
Nov 28 11:53:05 arch kernel: ACPI: Lid Switch [LID0]
Nov 28 11:53:05 arch kernel: input: Power Button as /devices/LNXSYSTM:00/LNXSYBUS:00/PNP0C0C:00/input/input1
Nov 28 11:53:05 arch kernel: ACPI: Power Button [PBTN]
Nov 28 11:53:05 arch kernel: input: Sleep Button as /devices/LNXSYSTM:00/LNXSYBUS:00/PNP0C0E:00/input/input2
Nov 28 11:53:05 arch kernel: ACPI: Sleep Button [SBTN]
Nov 28 11:53:05 arch kernel: Serial: 8250/16550 driver, 32 ports, IRQ sharing enabled
Nov 28 11:53:05 arch kernel: serial 0000:00:12.0: enabling device (0000 -> 0002)
Nov 28 11:53:05 arch kernel: hpet_acpi_add: no address or irqs in _CRS
Nov 28 11:53:05 arch kernel: Non-volatile memory driver v1.3
Nov 28 11:53:05 arch kernel: AMD-Vi: AMD IOMMUv2 driver by Joerg Roedel <jroedel@suse.de>
Nov 28 11:53:05 arch kernel: AMD-Vi: AMD IOMMUv2 functionality not available on this system
Nov 28 11:53:05 arch kernel: nvme nvme0: pci function 0000:03:00.0
Nov 28 11:53:05 arch kernel: ehci_hcd: USB 2.0 'Enhanced' Host Controller (EHCI) Driver
Nov 28 11:53:05 arch kernel: ehci-pci: EHCI PCI platform driver
Nov 28 11:53:05 arch kernel: ohci_hcd: USB 1.1 'Open' Host Controller (OHCI) Driver
Nov 28 11:53:05 arch kernel: ohci-pci: OHCI PCI platform driver
Nov 28 11:53:05 arch kernel: uhci_hcd: USB Universal Host Controller Interface driver
Nov 28 11:53:05 arch kernel: usbcore: registered new interface driver usbserial_generic
Nov 28 11:53:05 arch kernel: usbserial: USB Serial support registered for generic
Nov 28 11:53:05 arch kernel: rtc_cmos 00:01: RTC can wake from S4
Nov 28 11:53:05 arch kernel: rtc_cmos 00:01: registered as rtc0
Nov 28 11:53:05 arch kernel: rtc_cmos 00:01: setting system clock to 2021-11-28T09:52:59 UTC (1638093179)
Nov 28 11:53:05 arch kernel: rtc_cmos 00:01: alarms up to one month, y3k, 242 bytes nvram
Nov 28 11:53:05 arch kernel: intel_pstate: Intel P-state driver initializing
Nov 28 11:53:05 arch kernel: intel_pstate: HWP enabled
Nov 28 11:53:05 arch kernel: ledtrig-cpu: registered to indicate activity on CPUs
Nov 28 11:53:05 arch kernel: hid: raw HID events driver (C) Jiri Kosina
Nov 28 11:53:05 arch kernel: intel_pmc_core INT33A1:00:  initialized
Nov 28 11:53:05 arch kernel: drop_monitor: Initializing network drop monitor service
Nov 28 11:53:05 arch kernel: Initializing XFRM netlink socket
Nov 28 11:53:05 arch kernel: NET: Registered protocol family 10
Nov 28 11:53:05 arch kernel: Segment Routing with IPv6
Nov 28 11:53:05 arch kernel: RPL Segment Routing with IPv6
Nov 28 11:53:05 arch kernel: NET: Registered protocol family 17
Nov 28 11:53:05 arch kernel: microcode: sig=0x706e5, pf=0x80, revision=0xa0
Nov 28 11:53:05 arch kernel: microcode: Microcode Update Driver: v2.2.
Nov 28 11:53:05 arch kernel: IPI shorthand broadcast: enabled
Nov 28 11:53:05 arch kernel: sched_clock: Marking stable (433900563, 6451040)->(451857692, -11506089)
Nov 28 11:53:05 arch kernel: registered taskstats version 1
Nov 28 11:53:05 arch kernel: Loading compiled-in X.509 certificates
Nov 28 11:53:05 arch kernel: Loaded X.509 cert 'Build time autogenerated kernel key: 838920900532f15b483865f84a61784c31909d6e'
Nov 28 11:53:05 arch kernel: zswap: loaded using pool lz4/z3fold
Nov 28 11:53:05 arch kernel: Key type ._fscrypt registered
Nov 28 11:53:05 arch kernel: Key type .fscrypt registered
Nov 28 11:53:05 arch kernel: Key type fscrypt-provisioning registered
Nov 28 11:53:05 arch kernel: PM:   Magic number: 13:428:880
Nov 28 11:53:05 arch kernel: RAS: Correctable Errors collector initialized.
Nov 28 11:53:05 arch kernel: nvme nvme0: Shutdown timeout set to 8 seconds
Nov 28 11:53:05 arch kernel: battery: ACPI: Battery Slot [BAT0] (battery present)
Nov 28 11:53:05 arch kernel: nvme nvme0: allocated 64 MiB host memory buffer.
Nov 28 11:53:05 arch kernel: nvme nvme0: 8/0/0 default/read/poll queues
Nov 28 11:53:05 arch kernel:  nvme0n1: p1 p2 p3
Nov 28 11:53:05 arch kernel: Freeing unused decrypted memory: 2036K
Nov 28 11:53:05 arch kernel: Freeing unused kernel image (initmem) memory: 1724K
Nov 28 11:53:05 arch kernel: Write protecting the kernel read-only data: 26624k
Nov 28 11:53:05 arch kernel: Freeing unused kernel image (text/rodata gap) memory: 2040K
Nov 28 11:53:05 arch kernel: Freeing unused kernel image (rodata/data gap) memory: 1176K
Nov 28 11:53:05 arch kernel: x86/mm: Checked W+X mappings: passed, no W+X pages found.
Nov 28 11:53:05 arch kernel: rodata_test: all tests were successful
Nov 28 11:53:05 arch kernel: Run /init as init process
Nov 28 11:53:05 arch kernel:   with arguments:
Nov 28 11:53:05 arch kernel:     /init
Nov 28 11:53:05 arch kernel:   with environment:
Nov 28 11:53:05 arch kernel:     HOME=/
Nov 28 11:53:05 arch kernel:     TERM=linux
Nov 28 11:53:05 arch kernel:     BOOT_IMAGE=/vmlinuz-linux-lts
Nov 28 11:53:05 arch kernel:     cryptdevice=/dev/nvme0n1p3:volgroup0:allow-discards
Nov 28 11:53:05 arch kernel: fbcon: Taking over console
Nov 28 11:53:05 arch kernel: Console: switching to colour frame buffer device 240x67
Nov 28 11:53:05 arch kernel: i8042: PNP: PS/2 Controller [PNP0303:PS2K,PNP0f13:PS2M] at 0x60,0x64 irq 1,12
Nov 28 11:53:05 arch kernel: i8042: Warning: Keylock active
Nov 28 11:53:05 arch kernel: serio: i8042 KBD port at 0x60,0x64 irq 1
Nov 28 11:53:05 arch kernel: serio: i8042 AUX port at 0x60,0x64 irq 12
Nov 28 11:53:05 arch kernel: xhci_hcd 0000:00:0d.0: xHCI Host Controller
Nov 28 11:53:05 arch kernel: xhci_hcd 0000:00:0d.0: new USB bus registered, assigned bus number 1
Nov 28 11:53:05 arch kernel: xhci_hcd 0000:00:0d.0: hcc params 0x20007fc1 hci version 0x110 quirks 0x0000000200009810
Nov 28 11:53:05 arch kernel: xhci_hcd 0000:00:0d.0: cache line size of 64 is not supported
Nov 28 11:53:05 arch kernel: usb usb1: New USB device found, idVendor=1d6b, idProduct=0002, bcdDevice= 5.10
Nov 28 11:53:05 arch kernel: usb usb1: New USB device strings: Mfr=3, Product=2, SerialNumber=1
Nov 28 11:53:05 arch kernel: usb usb1: Product: xHCI Host Controller
Nov 28 11:53:05 arch kernel: usb usb1: Manufacturer: Linux 5.10.79-1-lts xhci-hcd
Nov 28 11:53:05 arch kernel: usb usb1: SerialNumber: 0000:00:0d.0
Nov 28 11:53:05 arch kernel: hub 1-0:1.0: USB hub found
Nov 28 11:53:05 arch kernel: hub 1-0:1.0: 1 port detected
Nov 28 11:53:05 arch kernel: xhci_hcd 0000:00:0d.0: xHCI Host Controller
Nov 28 11:53:05 arch kernel: xhci_hcd 0000:00:0d.0: new USB bus registered, assigned bus number 2
Nov 28 11:53:05 arch kernel: xhci_hcd 0000:00:0d.0: Host supports USB 3.1 Enhanced SuperSpeed
Nov 28 11:53:05 arch kernel: usb usb2: New USB device found, idVendor=1d6b, idProduct=0003, bcdDevice= 5.10
Nov 28 11:53:05 arch kernel: usb usb2: New USB device strings: Mfr=3, Product=2, SerialNumber=1
Nov 28 11:53:05 arch kernel: usb usb2: Product: xHCI Host Controller
Nov 28 11:53:05 arch kernel: usb usb2: Manufacturer: Linux 5.10.79-1-lts xhci-hcd
Nov 28 11:53:05 arch kernel: usb usb2: SerialNumber: 0000:00:0d.0
Nov 28 11:53:05 arch kernel: hub 2-0:1.0: USB hub found
Nov 28 11:53:05 arch kernel: hub 2-0:1.0: 4 ports detected
Nov 28 11:53:05 arch kernel: usb: port power management may be unreliable
Nov 28 11:53:05 arch kernel: xhci_hcd 0000:00:14.0: xHCI Host Controller
Nov 28 11:53:05 arch kernel: xhci_hcd 0000:00:14.0: new USB bus registered, assigned bus number 3
Nov 28 11:53:05 arch kernel: xhci_hcd 0000:00:14.0: hcc params 0x20007fc1 hci version 0x110 quirks 0x0000000000009810
Nov 28 11:53:05 arch kernel: xhci_hcd 0000:00:14.0: cache line size of 64 is not supported
Nov 28 11:53:05 arch kernel: usb usb3: New USB device found, idVendor=1d6b, idProduct=0002, bcdDevice= 5.10
Nov 28 11:53:05 arch kernel: usb usb3: New USB device strings: Mfr=3, Product=2, SerialNumber=1
Nov 28 11:53:05 arch kernel: usb usb3: Product: xHCI Host Controller
Nov 28 11:53:05 arch kernel: usb usb3: Manufacturer: Linux 5.10.79-1-lts xhci-hcd
Nov 28 11:53:05 arch kernel: usb usb3: SerialNumber: 0000:00:14.0
Nov 28 11:53:05 arch kernel: hub 3-0:1.0: USB hub found
Nov 28 11:53:05 arch kernel: hub 3-0:1.0: 12 ports detected
Nov 28 11:53:05 arch kernel: xhci_hcd 0000:00:14.0: xHCI Host Controller
Nov 28 11:53:05 arch kernel: xhci_hcd 0000:00:14.0: new USB bus registered, assigned bus number 4
Nov 28 11:53:05 arch kernel: xhci_hcd 0000:00:14.0: Host supports USB 3.1 Enhanced SuperSpeed
Nov 28 11:53:05 arch kernel: usb usb4: New USB device found, idVendor=1d6b, idProduct=0003, bcdDevice= 5.10
Nov 28 11:53:05 arch kernel: usb usb4: New USB device strings: Mfr=3, Product=2, SerialNumber=1
Nov 28 11:53:05 arch kernel: usb usb4: Product: xHCI Host Controller
Nov 28 11:53:05 arch kernel: usb usb4: Manufacturer: Linux 5.10.79-1-lts xhci-hcd
Nov 28 11:53:05 arch kernel: usb usb4: SerialNumber: 0000:00:14.0
Nov 28 11:53:05 arch kernel: hub 4-0:1.0: USB hub found
Nov 28 11:53:05 arch kernel: hub 4-0:1.0: 6 ports detected
Nov 28 11:53:05 arch kernel: cryptd: max_cpu_qlen set to 1000
Nov 28 11:53:05 arch kernel: AVX2 version of gcm_enc/dec engaged.
Nov 28 11:53:05 arch kernel: AES CTR mode by8 optimization enabled
Nov 28 11:53:05 arch kernel: input: AT Translated Set 2 keyboard as /devices/platform/i8042/serio0/input/input3
Nov 28 11:53:05 arch kernel: device-mapper: uevent: version 1.0.3
Nov 28 11:53:05 arch kernel: device-mapper: ioctl: 4.43.0-ioctl (2020-10-01) initialised: dm-devel@redhat.com
Nov 28 11:53:05 arch kernel: Key type encrypted registered
Nov 28 11:53:05 arch kernel: random: cryptsetup: uninitialized urandom read (4 bytes read)
Nov 28 11:53:05 arch kernel: random: cryptsetup: uninitialized urandom read (4 bytes read)
Nov 28 11:53:05 arch kernel: usb 3-6: new high-speed USB device number 2 using xhci_hcd
Nov 28 11:53:05 arch kernel: usb 3-6: New USB device found, idVendor=0bda, idProduct=565a, bcdDevice=81.76
Nov 28 11:53:05 arch kernel: usb 3-6: New USB device strings: Mfr=3, Product=1, SerialNumber=2
Nov 28 11:53:05 arch kernel: usb 3-6: Product: Integrated_Webcam_HD
Nov 28 11:53:05 arch kernel: usb 3-6: Manufacturer: CN0HK46K8LG000C2HLYWA03
Nov 28 11:53:05 arch kernel: usb 3-6: SerialNumber: 200901010001
Nov 28 11:53:05 arch kernel: usb 3-10: new full-speed USB device number 3 using xhci_hcd
Nov 28 11:53:05 arch kernel: usb 3-10: New USB device found, idVendor=0cf3, idProduct=e007, bcdDevice= 0.01
Nov 28 11:53:05 arch kernel: usb 3-10: New USB device strings: Mfr=0, Product=0, SerialNumber=0
Nov 28 11:53:05 arch kernel: random: cryptsetup: uninitialized urandom read (2 bytes read)
Nov 28 11:53:05 arch kernel: random: lvm: uninitialized urandom read (4 bytes read)
Nov 28 11:53:05 arch kernel: random: lvm: uninitialized urandom read (2 bytes read)
Nov 28 11:53:05 arch kernel: random: fast init done
Nov 28 11:53:05 arch kernel: EXT4-fs (dm-1): mounted filesystem with ordered data mode. Opts: (null)
Nov 28 11:53:05 arch systemd[1]: systemd 249.6-3-arch running in system mode (+PAM +AUDIT -SELINUX -APPARMOR -IMA +SMACK +SECCOMP +GCRYPT +GNUTLS +OPENSSL +ACL +BLKID +CURL +ELFUTILS +FIDO2 +IDN2 -IDN +IPTC +KMOD +LIBCRYPTSETUP +LIBFDISK +PCRE2 -PWQUALITY +P11KIT -QRENCODE +BZIP2 +LZ4 +XZ +ZLIB +ZSTD +XKBCOMMON +UTMP -SYSVINIT default-hierarchy=unified)
Nov 28 11:53:05 arch systemd[1]: Detected architecture x86-64.
Nov 28 11:53:05 arch systemd[1]: Hostname set to <arch>.
Nov 28 11:53:05 arch systemd[1]: Queued start job for default target Graphical Interface.
Nov 28 11:53:05 arch systemd[1]: Created slice Slice /system/getty.
Nov 28 11:53:05 arch systemd[1]: Created slice Slice /system/modprobe.
Nov 28 11:53:05 arch systemd[1]: Created slice Slice /system/systemd-fsck.
Nov 28 11:53:05 arch systemd[1]: Created slice User and Session Slice.
Nov 28 11:53:05 arch systemd[1]: Started Dispatch Password Requests to Console Directory Watch.
Nov 28 11:53:05 arch systemd[1]: Started Forward Password Requests to Wall Directory Watch.
Nov 28 11:53:05 arch systemd[1]: Set up automount Arbitrary Executable File Formats File System Automount Point.
Nov 28 11:53:05 arch systemd[1]: Reached target Local Encrypted Volumes.
Nov 28 11:53:05 arch systemd[1]: Reached target Login Prompts.
Nov 28 11:53:05 arch systemd[1]: Reached target Path Units.
Nov 28 11:53:05 arch systemd[1]: Reached target Remote File Systems.
Nov 28 11:53:05 arch systemd[1]: Reached target Slice Units.
Nov 28 11:53:05 arch systemd[1]: Reached target Swaps.
Nov 28 11:53:05 arch systemd[1]: Reached target Local Verity Protected Volumes.
Nov 28 11:53:05 arch systemd[1]: Listening on Device-mapper event daemon FIFOs.
Nov 28 11:53:05 arch systemd[1]: Listening on LVM2 poll daemon socket.
Nov 28 11:53:05 arch systemd[1]: Listening on Process Core Dump Socket.
Nov 28 11:53:05 arch systemd[1]: Listening on Journal Audit Socket.
Nov 28 11:53:05 arch systemd[1]: Listening on Journal Socket (/dev/log).
Nov 28 11:53:05 arch systemd[1]: Listening on Journal Socket.
Nov 28 11:53:05 arch systemd[1]: Listening on udev Control Socket.
Nov 28 11:53:05 arch systemd[1]: Listening on udev Kernel Socket.
Nov 28 11:53:05 arch systemd[1]: Mounting Huge Pages File System...
Nov 28 11:53:05 arch systemd[1]: Mounting POSIX Message Queue File System...
Nov 28 11:53:05 arch systemd[1]: Mounting Kernel Debug File System...
Nov 28 11:53:05 arch systemd[1]: Mounting Kernel Trace File System...
Nov 28 11:53:05 arch systemd[1]: Mounting Temporary Directory /tmp...
Nov 28 11:53:05 arch systemd[1]: Starting Create List of Static Device Nodes...
Nov 28 11:53:05 arch systemd[1]: Starting Monitoring of LVM2 mirrors, snapshots etc. using dmeventd or progress polling...
Nov 28 11:53:05 arch systemd[1]: Starting Load Kernel Module configfs...
Nov 28 11:53:05 arch systemd[1]: Starting Load Kernel Module drm...
Nov 28 11:53:05 arch systemd[1]: Starting Load Kernel Module fuse...
Nov 28 11:53:05 arch systemd[1]: Condition check resulted in Set Up Additional Binary Formats being skipped.
Nov 28 11:53:05 arch systemd[1]: Condition check resulted in File System Check on Root Device being skipped.
Nov 28 11:53:05 arch systemd[1]: Starting Journal Service...
Nov 28 11:53:05 arch systemd[1]: Starting Load Kernel Modules...
Nov 28 11:53:05 arch systemd[1]: Starting Remount Root and Kernel File Systems...
Nov 28 11:53:05 arch systemd[1]: Condition check resulted in Repartition Root Disk being skipped.
Nov 28 11:53:05 arch systemd[1]: Starting Coldplug All udev Devices...
Nov 28 11:53:05 arch kernel: Linux agpgart interface v0.103
Nov 28 11:53:05 arch systemd[1]: Mounted Huge Pages File System.
Nov 28 11:53:05 arch systemd[1]: Mounted POSIX Message Queue File System.
Nov 28 11:53:05 arch systemd[1]: Mounted Kernel Debug File System.
Nov 28 11:53:05 arch systemd[1]: Mounted Kernel Trace File System.
Nov 28 11:53:05 arch systemd[1]: Mounted Temporary Directory /tmp.
Nov 28 11:53:05 arch systemd[1]: Finished Create List of Static Device Nodes.
Nov 28 11:53:05 arch systemd[1]: modprobe@configfs.service: Deactivated successfully.
Nov 28 11:53:05 arch systemd[1]: Finished Load Kernel Module configfs.
Nov 28 11:53:05 arch systemd[1]: Mounting Kernel Configuration File System...
Nov 28 11:53:05 arch kernel: EXT4-fs (dm-1): re-mounted. Opts: (null)
Nov 28 11:53:05 arch systemd[1]: Finished Remount Root and Kernel File Systems.
Nov 28 11:53:05 arch systemd[1]: Mounted Kernel Configuration File System.
Nov 28 11:53:05 arch systemd[1]: Condition check resulted in First Boot Wizard being skipped.
Nov 28 11:53:05 arch systemd[1]: Condition check resulted in Rebuild Hardware Database being skipped.
Nov 28 11:53:05 arch kernel: Asymmetric key parser 'pkcs8' registered
Nov 28 11:53:05 arch systemd[1]: Starting Load/Save Random Seed...
Nov 28 11:53:05 arch systemd[1]: Condition check resulted in Create System Users being skipped.
Nov 28 11:53:05 arch systemd[1]: Starting Create Static Device Nodes in /dev...
Nov 28 11:53:05 arch systemd[1]: Finished Load Kernel Modules.
Nov 28 11:53:05 arch kernel: audit: type=1130 audit(1638093185.619:2): pid=1 uid=0 auid=4294967295 ses=4294967295 msg='unit=systemd-modules-load comm="systemd" exe="/usr/lib/systemd/systemd" hostname=? addr=? terminal=? res=success'
Nov 28 11:53:05 arch systemd[1]: Starting Apply Kernel Variables...
Nov 28 11:53:05 arch kernel: fuse: init (API version 7.32)
Nov 28 11:53:05 arch systemd[1]: modprobe@fuse.service: Deactivated successfully.
Nov 28 11:53:05 arch systemd[1]: Finished Load Kernel Module fuse.
Nov 28 11:53:05 arch kernel: audit: type=1130 audit(1638093185.619:3): pid=1 uid=0 auid=4294967295 ses=4294967295 msg='unit=modprobe@fuse comm="systemd" exe="/usr/lib/systemd/systemd" hostname=? addr=? terminal=? res=success'
Nov 28 11:53:05 arch kernel: audit: type=1131 audit(1638093185.619:4): pid=1 uid=0 auid=4294967295 ses=4294967295 msg='unit=modprobe@fuse comm="systemd" exe="/usr/lib/systemd/systemd" hostname=? addr=? terminal=? res=success'
Nov 28 11:53:05 arch systemd[1]: Mounting FUSE Control File System...
Nov 28 11:53:05 arch systemd[1]: Mounted FUSE Control File System.
Nov 28 11:53:05 arch systemd[1]: Finished Apply Kernel Variables.
Nov 28 11:53:05 arch kernel: audit: type=1130 audit(1638093185.629:5): pid=1 uid=0 auid=4294967295 ses=4294967295 msg='unit=systemd-sysctl comm="systemd" exe="/usr/lib/systemd/systemd" hostname=? addr=? terminal=? res=success'
Nov 28 11:53:05 arch systemd[1]: modprobe@drm.service: Deactivated successfully.
Nov 28 11:53:05 arch systemd[1]: Finished Load Kernel Module drm.
Nov 28 11:53:05 arch kernel: audit: type=1130 audit(1638093185.639:6): pid=1 uid=0 auid=4294967295 ses=4294967295 msg='unit=modprobe@drm comm="systemd" exe="/usr/lib/systemd/systemd" hostname=? addr=? terminal=? res=success'
Nov 28 11:53:05 arch kernel: audit: type=1131 audit(1638093185.639:7): pid=1 uid=0 auid=4294967295 ses=4294967295 msg='unit=modprobe@drm comm="systemd" exe="/usr/lib/systemd/systemd" hostname=? addr=? terminal=? res=success'
Nov 28 11:53:05 arch systemd[1]: Finished Create Static Device Nodes in /dev.
Nov 28 11:53:05 arch kernel: audit: type=1130 audit(1638093185.639:8): pid=1 uid=0 auid=4294967295 ses=4294967295 msg='unit=systemd-tmpfiles-setup-dev comm="systemd" exe="/usr/lib/systemd/systemd" hostname=? addr=? terminal=? res=success'
Nov 28 11:53:05 arch systemd-journald[390]: Journal started
Nov 28 11:53:05 arch systemd-journald[390]: Runtime Journal (/run/log/journal/e105b38964374714ac3c9012642fdfd1) is 8.0M, max 386.1M, 378.1M free.
Nov 28 11:53:05 arch audit[1]: SERVICE_START pid=1 uid=0 auid=4294967295 ses=4294967295 msg='unit=systemd-modules-load comm="systemd" exe="/usr/lib/systemd/systemd" hostname=? addr=? terminal=? res=success'
Nov 28 11:53:05 arch audit[1]: SERVICE_START pid=1 uid=0 auid=4294967295 ses=4294967295 msg='unit=modprobe@fuse comm="systemd" exe="/usr/lib/systemd/systemd" hostname=? addr=? terminal=? res=success'
Nov 28 11:53:05 arch audit[1]: SERVICE_STOP pid=1 uid=0 auid=4294967295 ses=4294967295 msg='unit=modprobe@fuse comm="systemd" exe="/usr/lib/systemd/systemd" hostname=? addr=? terminal=? res=success'
Nov 28 11:53:05 arch audit[1]: SERVICE_START pid=1 uid=0 auid=4294967295 ses=4294967295 msg='unit=systemd-sysctl comm="systemd" exe="/usr/lib/systemd/systemd" hostname=? addr=? terminal=? res=success'
Nov 28 11:53:05 arch audit[1]: SERVICE_START pid=1 uid=0 auid=4294967295 ses=4294967295 msg='unit=modprobe@drm comm="systemd" exe="/usr/lib/systemd/systemd" hostname=? addr=? terminal=? res=success'
Nov 28 11:53:05 arch audit[1]: SERVICE_STOP pid=1 uid=0 auid=4294967295 ses=4294967295 msg='unit=modprobe@drm comm="systemd" exe="/usr/lib/systemd/systemd" hostname=? addr=? terminal=? res=success'
Nov 28 11:53:05 arch audit[1]: SERVICE_START pid=1 uid=0 auid=4294967295 ses=4294967295 msg='unit=systemd-tmpfiles-setup-dev comm="systemd" exe="/usr/lib/systemd/systemd" hostname=? addr=? terminal=? res=success'
Nov 28 11:53:05 arch audit: BPF prog-id=14 op=LOAD
Nov 28 11:53:05 arch audit: BPF prog-id=15 op=LOAD
Nov 28 11:53:05 arch systemd-modules-load[391]: Inserted module 'crypto_user'
Nov 28 11:53:05 arch kernel: audit: type=1334 audit(1638093185.639:9): prog-id=14 op=LOAD
Nov 28 11:53:05 arch kernel: audit: type=1334 audit(1638093185.639:10): prog-id=15 op=LOAD
Nov 28 11:53:05 arch kernel: audit: type=1334 audit(1638093185.639:11): prog-id=16 op=LOAD
Nov 28 11:53:05 arch audit: BPF prog-id=16 op=LOAD
Nov 28 11:53:05 arch systemd-modules-load[391]: Inserted module 'pkcs8_key_parser'
Nov 28 11:53:05 arch systemd-random-seed[396]: Kernel entropy pool is not initialized yet, waiting until it is.
Nov 28 11:53:05 arch audit[1]: SERVICE_START pid=1 uid=0 auid=4294967295 ses=4294967295 msg='unit=systemd-journald comm="systemd" exe="/usr/lib/systemd/systemd" hostname=? addr=? terminal=? res=success'
Nov 28 11:53:05 arch lvm[386]:   2 logical volume(s) in volume group "volgroup0" monitored
Nov 28 11:53:05 arch systemd[1]: Starting Flush Journal to Persistent Storage...
Nov 28 11:53:05 arch systemd-journald[390]: Time spent on flushing to /var/log/journal/e105b38964374714ac3c9012642fdfd1 is 69.892ms for 914 entries.
Nov 28 11:53:05 arch systemd-journald[390]: System Journal (/var/log/journal/e105b38964374714ac3c9012642fdfd1) is 1.2G, max 4.0G, 2.7G free.
Nov 28 11:53:05 arch systemd[1]: Starting Rule-based Manager for Device Events and Files...
Nov 28 11:53:05 arch systemd[1]: Started Journal Service.
Nov 28 11:53:05 arch kernel: loop: module loaded
Nov 28 11:53:05 arch kernel: i801_smbus 0000:00:1f.4: enabling device (0000 -> 0003)
Nov 28 11:53:05 arch kernel: i801_smbus 0000:00:1f.4: SPD Write Disable is set
Nov 28 11:53:05 arch kernel: i801_smbus 0000:00:1f.4: SMBus using PCI interrupt
Nov 28 11:53:05 arch kernel: proc_thermal 0000:00:04.0: enabling device (0000 -> 0002)
Nov 28 11:53:05 arch kernel: input: Intel HID events as /devices/platform/INT33D5:00/input/input5
Nov 28 11:53:05 arch kernel: mei_me 0000:00:16.0: enabling device (0000 -> 0002)
Nov 28 11:53:05 arch kernel: intel-hid INT33D5:00: platform supports 5 button array
Nov 28 11:53:05 arch kernel: input: Intel HID 5 button array as /devices/platform/INT33D5:00/input/input6
Nov 28 11:53:05 arch kernel: tpm_tis NTC0702:00: 2.0 TPM (device-id 0xFC, rev-id 1)
Nov 28 11:53:05 arch kernel: intel_rapl_common: Found RAPL domain package
Nov 28 11:53:05 arch kernel: proc_thermal 0000:00:04.0: Creating sysfs group for PROC_THERMAL_PCI
Nov 28 11:53:05 arch kernel: i2c i2c-0: 1/2 memory slots populated (from DMI)
Nov 28 11:53:05 arch kernel: i2c i2c-0: Successfully instantiated SPD at 0x50
Nov 28 11:53:05 arch audit[1]: SERVICE_START pid=1 uid=0 auid=4294967295 ses=4294967295 msg='unit=systemd-udev-trigger comm="systemd" exe="/usr/lib/systemd/systemd" hostname=? addr=? terminal=? res=success'
Nov 28 11:53:05 arch audit[1]: SERVICE_START pid=1 uid=0 auid=4294967295 ses=4294967295 msg='unit=systemd-udevd comm="systemd" exe="/usr/lib/systemd/systemd" hostname=? addr=? terminal=? res=success'
Nov 28 11:53:05 arch audit[1]: SERVICE_START pid=1 uid=0 auid=4294967295 ses=4294967295 msg='unit=lvm2-monitor comm="systemd" exe="/usr/lib/systemd/systemd" hostname=? addr=? terminal=? res=success'
Nov 28 11:53:05 arch systemd[1]: Finished Coldplug All udev Devices.
Nov 28 11:53:05 arch systemd[1]: Started Rule-based Manager for Device Events and Files.
Nov 28 11:53:05 arch systemd[1]: Finished Monitoring of LVM2 mirrors, snapshots etc. using dmeventd or progress polling.
Nov 28 11:53:05 arch audit[1]: SERVICE_START pid=1 uid=0 auid=4294967295 ses=4294967295 msg='unit=systemd-journal-flush comm="systemd" exe="/usr/lib/systemd/systemd" hostname=? addr=? terminal=? res=success'
Nov 28 11:53:05 arch systemd[1]: Reached target Preparation for Local File Systems.
Nov 28 11:53:05 arch systemd[1]: Condition check resulted in Virtual Machine and Container Storage (Compatibility) being skipped.
Nov 28 11:53:05 arch systemd[1]: Mounting Mount unit for core, revision 10958...
Nov 28 11:53:05 arch systemd[1]: Mounting Mount unit for toilet-deej, revision 1...
Nov 28 11:53:05 arch systemd[1]: Finished Flush Journal to Persistent Storage.
Nov 28 11:53:05 arch kernel: intel-lpss 0000:00:15.0: enabling device (0000 -> 0002)
Nov 28 11:53:05 arch kernel: idma64 idma64.0: Found Intel integrated DMA 64-bit
Nov 28 11:53:05 arch kernel: intel-lpss 0000:00:15.1: enabling device (0000 -> 0002)
Nov 28 11:53:05 arch kernel: idma64 idma64.1: Found Intel integrated DMA 64-bit
Nov 28 11:53:05 arch kernel: squashfs: version 4.0 (2009/01/31) Phillip Lougher
Nov 28 11:53:05 arch kernel: acpi PNP0C14:01: duplicate WMI GUID 05901221-D566-11D1-B2F0-00A0C9062910 (first instance was on PNP0C14:00)
Nov 28 11:53:05 arch kernel: wmi_bus wmi_bus-PNP0C14:02: WQBC data block query control method not found
Nov 28 11:53:05 arch kernel: acpi PNP0C14:02: duplicate WMI GUID 05901221-D566-11D1-B2F0-00A0C9062910 (first instance was on PNP0C14:00)
Nov 28 11:53:05 arch kernel: acpi PNP0C14:03: duplicate WMI GUID 05901221-D566-11D1-B2F0-00A0C9062910 (first instance was on PNP0C14:00)
Nov 28 11:53:05 arch kernel: acpi PNP0C14:04: duplicate WMI GUID 05901221-D566-11D1-B2F0-00A0C9062910 (first instance was on PNP0C14:00)
Nov 28 11:53:05 arch kernel: acpi PNP0C14:05: duplicate WMI GUID 05901221-D566-11D1-B2F0-00A0C9062910 (first instance was on PNP0C14:00)
Nov 28 11:53:05 arch kernel: acpi PNP0C14:06: duplicate WMI GUID 05901221-D566-11D1-B2F0-00A0C9062910 (first instance was on PNP0C14:00)
Nov 28 11:53:06 arch kernel: checking generic (4000000000 7f0000) vs hw (6000000000 1000000)
Nov 28 11:53:06 arch kernel: checking generic (4000000000 7f0000) vs hw (4000000000 10000000)
Nov 28 11:53:06 arch kernel: fb0: switching to inteldrmfb from EFI VGA
Nov 28 11:53:06 arch kernel: Console: switching to colour dummy device 80x25
Nov 28 11:53:06 arch kernel: i915 0000:00:02.0: vgaarb: deactivate vga console
Nov 28 11:53:06 arch kernel: i915 0000:00:02.0: vgaarb: changed VGA decodes: olddecodes=io+mem,decodes=io+mem:owns=io+mem
Nov 28 11:53:06 arch kernel: i915 0000:00:02.0: [drm] Finished loading DMC firmware i915/icl_dmc_ver1_09.bin (v1.9)
Nov 28 11:53:06 arch mtp-probe[448]: checking bus 3, device 2: "/sys/devices/pci0000:00/0000:00:14.0/usb3/3-6"
Nov 28 11:53:06 arch mtp-probe[448]: bus: 3, device: 2 was not an MTP device
Nov 28 11:53:06 arch kernel: i2c_hid i2c-DELL09EB:00: supply vdd not found, using dummy regulator
Nov 28 11:53:06 arch kernel: i2c_hid i2c-DELL09EB:00: supply vddl not found, using dummy regulator
Nov 28 11:53:06 arch kernel: snd_hda_intel 0000:00:1f.3: DSP detected with PCI class/subclass/prog-if info 0x040380
Nov 28 11:53:06 arch kernel: snd_hda_intel 0000:00:1f.3: enabling device (0000 -> 0002)
Nov 28 11:53:06 arch kernel: [drm] Initialized i915 1.6.0 20200917 for 0000:00:02.0 on minor 0
Nov 28 11:53:06 arch kernel: ACPI: Video Device [GFX0] (multi-head: yes  rom: no  post: no)
Nov 28 11:53:06 arch kernel: input: Video Bus as /devices/LNXSYSTM:00/LNXSYBUS:00/PNP0A08:00/LNXVIDEO:00/input/input7
Nov 28 11:53:06 arch kernel: snd_hda_intel 0000:00:1f.3: bound 0000:00:02.0 (ops i915_audio_component_bind_ops [i915])
Nov 28 11:53:06 arch systemd[1]: Mounted Mount unit for core, revision 10958.
Nov 28 11:53:06 arch systemd[1]: Mounted Mount unit for toilet-deej, revision 1.
Nov 28 11:53:06 arch kernel: fbcon: i915drmfb (fb0) is primary device
Nov 28 11:53:06 arch kernel: Console: switching to colour frame buffer device 240x67
Nov 28 11:53:06 arch kernel: input: DELL09EB:00 04F3:3147 Mouse as /devices/pci0000:00/0000:00:15.1/i2c_designware.1/i2c-2/i2c-DELL09EB:00/0018:04F3:3147.0001/input/input8
Nov 28 11:53:06 arch kernel: input: DELL09EB:00 04F3:3147 Touchpad as /devices/pci0000:00/0000:00:15.1/i2c_designware.1/i2c-2/i2c-DELL09EB:00/0018:04F3:3147.0001/input/input9
Nov 28 11:53:06 arch kernel: hid-generic 0018:04F3:3147.0001: input,hidraw0: I2C HID v1.00 Mouse [DELL09EB:00 04F3:3147] on i2c-DELL09EB:00
Nov 28 11:53:06 arch kernel: i915 0000:00:02.0: [drm] fb0: i915drmfb frame buffer device
Nov 28 11:53:06 arch systemd[1]: Found device PM991 NVMe Samsung 256GB 2.
Nov 28 11:53:06 arch systemd[1]: Starting File System Check on /dev/disk/by-uuid/12c17862-e83e-4996-a1b0-dd642a48a060...
Nov 28 11:53:06 arch systemd-fsck[458]: /dev/nvme0n1p2: clean, 454/128016 files, 189228/512000 blocks
Nov 28 11:53:06 arch audit[1]: SERVICE_START pid=1 uid=0 auid=4294967295 ses=4294967295 msg='unit=systemd-fsck@dev-disk-by\x2duuid-12c17862\x2de83e\x2d4996\x2da1b0\x2ddd642a48a060 comm="systemd" exe="/usr/lib/systemd/systemd" hostname=? addr=? terminal=? res=success'
Nov 28 11:53:06 arch systemd[1]: Finished File System Check on /dev/disk/by-uuid/12c17862-e83e-4996-a1b0-dd642a48a060.
Nov 28 11:53:06 arch systemd[1]: Mounting /boot...
Nov 28 11:53:06 arch systemd[1]: Mounted /boot.
Nov 28 11:53:06 arch kernel: EXT4-fs (nvme0n1p2): mounted filesystem with ordered data mode. Opts: (null)
Nov 28 11:53:06 arch kernel: ext4 filesystem being mounted at /boot supports timestamps until 2038 (0x7fffffff)
Nov 28 11:53:06 arch kernel: mc: Linux media interface: v0.10
Nov 28 11:53:06 arch kernel: Bluetooth: Core ver 2.22
Nov 28 11:53:06 arch kernel: NET: Registered protocol family 31
Nov 28 11:53:06 arch kernel: Bluetooth: HCI device and connection manager initialized
Nov 28 11:53:06 arch kernel: Bluetooth: HCI socket layer initialized
Nov 28 11:53:06 arch kernel: Bluetooth: L2CAP socket layer initialized
Nov 28 11:53:06 arch kernel: Bluetooth: SCO socket layer initialized
Nov 28 11:53:06 arch kernel: intel-spi 0000:00:1f.5: s25fl064k (8192 Kbytes)
Nov 28 11:53:06 arch kernel: usbcore: registered new interface driver btusb
Nov 28 11:53:06 arch kernel: Creating 1 MTD partitions on "0000:00:1f.5":
Nov 28 11:53:06 arch kernel: 0x000000000000-0x000001800000 : "BIOS"
Nov 28 11:53:06 arch kernel: mtd: partition "BIOS" extends beyond the end of device "0000:00:1f.5" -- size truncated to 0x800000
Nov 28 11:53:06 arch kernel: input: PC Speaker as /devices/platform/pcspkr/input/input11
Nov 28 11:53:06 arch kernel: videodev: Linux video capture interface: v2.00
Nov 28 11:53:06 arch kernel: r8169 0000:02:00.0: can't disable ASPM; OS doesn't have ASPM control
Nov 28 11:53:06 arch kernel: uvcvideo: Found UVC 1.00 device Integrated_Webcam_HD (0bda:565a)
Nov 28 11:53:06 arch kernel: input: Integrated_Webcam_HD: Integrate as /devices/pci0000:00/0000:00:14.0/usb3/3-6/3-6:1.0/input/input13
Nov 28 11:53:06 arch kernel: usbcore: registered new interface driver uvcvideo
Nov 28 11:53:06 arch kernel: USB Video Class driver (1.1.1)
Nov 28 11:53:06 arch kernel: libphy: r8169: probed
Nov 28 11:53:06 arch kernel: r8169 0000:02:00.0 eth0: RTL8168h/8111h, b0:7b:25:65:2f:f9, XID 541, IRQ 139
Nov 28 11:53:06 arch kernel: r8169 0000:02:00.0 eth0: jumbo features [frames: 9194 bytes, tx checksumming: ko]
Nov 28 11:53:06 arch kernel: cfg80211: Loading compiled-in X.509 certificates for regulatory database
Nov 28 11:53:06 arch kernel: cfg80211: Loaded X.509 cert 'sforshee: 00b28ddf47aef9cea7'
Nov 28 11:53:06 arch kernel: platform regulatory.0: Direct firmware load for regulatory.db failed with error -2
Nov 28 11:53:06 arch kernel: cfg80211: failed to load regulatory.db
Nov 28 11:53:06 arch kernel: random: crng init done
Nov 28 11:53:06 arch kernel: random: 2 urandom warning(s) missed due to ratelimiting
Nov 28 11:53:06 arch systemd[1]: Finished Load/Save Random Seed.
Nov 28 11:53:06 arch systemd[1]: Condition check resulted in First Boot Complete being skipped.
Nov 28 11:53:06 arch audit[1]: SERVICE_START pid=1 uid=0 auid=4294967295 ses=4294967295 msg='unit=systemd-random-seed comm="systemd" exe="/usr/lib/systemd/systemd" hostname=? addr=? terminal=? res=success'
Nov 28 11:53:06 arch kernel: RAPL PMU: API unit is 2^-32 Joules, 4 fixed counters, 655360 ms ovfl timer
Nov 28 11:53:06 arch kernel: RAPL PMU: hw unit of domain pp0-core 2^-14 Joules
Nov 28 11:53:06 arch kernel: RAPL PMU: hw unit of domain package 2^-14 Joules
Nov 28 11:53:06 arch kernel: RAPL PMU: hw unit of domain pp1-gpu 2^-14 Joules
Nov 28 11:53:06 arch kernel: RAPL PMU: hw unit of domain psys 2^-14 Joules
Nov 28 11:53:06 arch kernel: snd_hda_codec_realtek hdaudioC0D0: autoconfig for ALC3204: line_outs=1 (0x14/0x0/0x0/0x0/0x0) type:speaker
Nov 28 11:53:06 arch kernel: snd_hda_codec_realtek hdaudioC0D0:    speaker_outs=0 (0x0/0x0/0x0/0x0/0x0)
Nov 28 11:53:06 arch kernel: snd_hda_codec_realtek hdaudioC0D0:    hp_outs=1 (0x21/0x0/0x0/0x0/0x0)
Nov 28 11:53:06 arch kernel: snd_hda_codec_realtek hdaudioC0D0:    mono: mono_out=0x0
Nov 28 11:53:06 arch kernel: snd_hda_codec_realtek hdaudioC0D0:    inputs:
Nov 28 11:53:06 arch kernel: snd_hda_codec_realtek hdaudioC0D0:      Headset Mic=0x19
Nov 28 11:53:06 arch kernel: snd_hda_codec_realtek hdaudioC0D0:      Headphone Mic=0x1a
Nov 28 11:53:06 arch kernel: snd_hda_codec_realtek hdaudioC0D0:      Internal Mic=0x12
Nov 28 11:53:06 arch kernel: ath10k_pci 0000:01:00.0: enabling device (0000 -> 0002)
Nov 28 11:53:06 arch kernel: ath10k_pci 0000:01:00.0: pci irq msi oper_irq_mode 2 irq_mode 0 reset_mode 0
Nov 28 11:53:06 arch lvm[488]: PV /dev/dm-0 online, VG volgroup0 is complete.
Nov 28 11:53:06 arch lvm[488]: VG volgroup0 finished
Nov 28 11:53:06 arch systemd[1]: Found device /dev/disk/by-uuid/d50633b4-1738-4a9e-8428-747be0502ab3.
Nov 28 11:53:06 arch systemd[1]: Starting File System Check on /dev/disk/by-uuid/d50633b4-1738-4a9e-8428-747be0502ab3...
Nov 28 11:53:06 arch systemd-fsck[491]: /dev/mapper/volgroup0-lv_home: clean, 295798/3276800 files, 8375430/13107200 blocks
Nov 28 11:53:06 arch systemd[1]: Finished File System Check on /dev/disk/by-uuid/d50633b4-1738-4a9e-8428-747be0502ab3.
Nov 28 11:53:06 arch audit[1]: SERVICE_START pid=1 uid=0 auid=4294967295 ses=4294967295 msg='unit=systemd-fsck@dev-disk-by\x2duuid-d50633b4\x2d1738\x2d4a9e\x2d8428\x2d747be0502ab3 comm="systemd" exe="/usr/lib/systemd/systemd" hostname=? addr=? terminal=? res=success'
Nov 28 11:53:06 arch systemd[1]: Mounting /home...
Nov 28 11:53:06 arch kernel: EXT4-fs (dm-2): mounted filesystem with ordered data mode. Opts: (null)
Nov 28 11:53:06 arch systemd[1]: Mounted /home.
Nov 28 11:53:06 arch systemd[1]: Reached target Local File Systems.
Nov 28 11:53:06 arch systemd[1]: Condition check resulted in Rebuild Dynamic Linker Cache being skipped.
Nov 28 11:53:06 arch systemd[1]: Condition check resulted in Store a System Token in an EFI Variable being skipped.
Nov 28 11:53:06 arch systemd[1]: Condition check resulted in Commit a transient machine-id on disk being skipped.
Nov 28 11:53:06 arch systemd[1]: Starting Create Volatile Files and Directories...
Nov 28 11:53:06 arch systemd[1]: Finished Create Volatile Files and Directories.
Nov 28 11:53:06 arch audit[1]: SERVICE_START pid=1 uid=0 auid=4294967295 ses=4294967295 msg='unit=systemd-tmpfiles-setup comm="systemd" exe="/usr/lib/systemd/systemd" hostname=? addr=? terminal=? res=success'
Nov 28 11:53:06 arch systemd[1]: Condition check resulted in Rebuild Journal Catalog being skipped.
Nov 28 11:53:06 arch audit: BPF prog-id=17 op=LOAD
Nov 28 11:53:06 arch systemd[1]: Starting Network Time Synchronization...
Nov 28 11:53:06 arch systemd[1]: Condition check resulted in Update is Completed being skipped.
Nov 28 11:53:06 arch systemd[1]: Starting Record System Boot/Shutdown in UTMP...
Nov 28 11:53:06 arch audit[497]: SYSTEM_BOOT pid=497 uid=0 auid=4294967295 ses=4294967295 msg=' comm="systemd-update-utmp" exe="/usr/lib/systemd/systemd-update-utmp" hostname=? addr=? terminal=? res=success'
Nov 28 11:53:06 arch systemd[1]: Finished Record System Boot/Shutdown in UTMP.
Nov 28 11:53:06 arch audit[1]: SERVICE_START pid=1 uid=0 auid=4294967295 ses=4294967295 msg='unit=systemd-update-utmp comm="systemd" exe="/usr/lib/systemd/systemd" hostname=? addr=? terminal=? res=success'
Nov 28 11:53:06 arch systemd[1]: Started Network Time Synchronization.
Nov 28 11:53:06 arch audit[1]: SERVICE_START pid=1 uid=0 auid=4294967295 ses=4294967295 msg='unit=systemd-timesyncd comm="systemd" exe="/usr/lib/systemd/systemd" hostname=? addr=? terminal=? res=success'
Nov 28 11:53:06 arch systemd[1]: Reached target System Initialization.
Nov 28 11:53:06 arch systemd[1]: Started Daily Cleanup of Temporary Directories.
Nov 28 11:53:06 arch systemd[1]: Reached target System Time Set.
Nov 28 11:53:06 arch systemd[1]: Started Daily man-db regeneration.
Nov 28 11:53:06 arch systemd[1]: Started Daily verification of password and group files.
Nov 28 11:53:06 arch systemd[1]: Reached target Timer Units.
Nov 28 11:53:06 arch systemd[1]: Listening on D-Bus System Message Bus Socket.
Nov 28 11:53:06 arch systemd[1]: Starting Socket activation for snappy daemon...
Nov 28 11:53:06 arch systemd[1]: Listening on Socket activation for snappy daemon.
Nov 28 11:53:06 arch systemd[1]: Reached target Socket Units.
Nov 28 11:53:06 arch systemd[1]: Reached target Basic System.
Nov 28 11:53:06 arch systemd[1]: Started D-Bus System Message Bus.
Nov 28 11:53:06 arch audit[1]: SERVICE_START pid=1 uid=0 auid=4294967295 ses=4294967295 msg='unit=dbus comm="systemd" exe="/usr/lib/systemd/systemd" hostname=? addr=? terminal=? res=success'
Nov 28 11:53:06 arch systemd[1]: Starting Network Manager...
Nov 28 11:53:06 arch systemd[1]: Condition check resulted in SSH Key Generation being skipped.
Nov 28 11:53:06 arch audit: BPF prog-id=18 op=LOAD
Nov 28 11:53:06 arch audit: BPF prog-id=19 op=LOAD
Nov 28 11:53:06 arch audit: BPF prog-id=20 op=LOAD
Nov 28 11:53:06 arch systemd[1]: Starting User Login Management...
Nov 28 11:53:06 arch systemd[1]: Starting WPA supplicant...
Nov 28 11:53:06 arch NetworkManager[501]: <info>  [1638093186.8977] NetworkManager (version 1.32.12-1) is starting... (for the first time)
Nov 28 11:53:06 arch NetworkManager[501]: <info>  [1638093186.8977] Read config: /etc/NetworkManager/NetworkManager.conf (lib: 20-connectivity.conf)
Nov 28 11:53:06 arch systemd-logind[502]: Watching system buttons on /dev/input/event1 (Power Button)
Nov 28 11:53:06 arch systemd-logind[502]: Watching system buttons on /dev/input/event0 (Lid Switch)
Nov 28 11:53:06 arch systemd-logind[502]: Watching system buttons on /dev/input/event2 (Sleep Button)
Nov 28 11:53:06 arch systemd-logind[502]: Watching system buttons on /dev/input/event3 (AT Translated Set 2 keyboard)
Nov 28 11:53:06 arch systemd-logind[502]: New seat seat0.
Nov 28 11:53:06 arch systemd[1]: Started User Login Management.
Nov 28 11:53:06 arch audit[1]: SERVICE_START pid=1 uid=0 auid=4294967295 ses=4294967295 msg='unit=systemd-logind comm="systemd" exe="/usr/lib/systemd/systemd" hostname=? addr=? terminal=? res=success'
Nov 28 11:53:06 arch systemd[1]: Started WPA supplicant.
Nov 28 11:53:06 arch audit[1]: SERVICE_START pid=1 uid=0 auid=4294967295 ses=4294967295 msg='unit=wpa_supplicant comm="systemd" exe="/usr/lib/systemd/systemd" hostname=? addr=? terminal=? res=success'
Nov 28 11:53:06 arch NetworkManager[501]: <info>  [1638093186.9070] bus-manager: acquired D-Bus service "org.freedesktop.NetworkManager"
Nov 28 11:53:06 arch systemd[1]: Started Network Manager.
Nov 28 11:53:06 arch audit[1]: SERVICE_START pid=1 uid=0 auid=4294967295 ses=4294967295 msg='unit=NetworkManager comm="systemd" exe="/usr/lib/systemd/systemd" hostname=? addr=? terminal=? res=success'
Nov 28 11:53:06 arch wpa_supplicant[503]: Successfully initialized wpa_supplicant
Nov 28 11:53:06 arch systemd[1]: Reached target Network.
Nov 28 11:53:06 arch systemd[1]: Started OpenSSH Daemon.
Nov 28 11:53:06 arch audit[1]: SERVICE_START pid=1 uid=0 auid=4294967295 ses=4294967295 msg='unit=sshd comm="systemd" exe="/usr/lib/systemd/systemd" hostname=? addr=? terminal=? res=success'
Nov 28 11:53:06 arch systemd[1]: Starting Permit User Sessions...
Nov 28 11:53:06 arch NetworkManager[501]: <info>  [1638093186.9109] manager[0x561dad1d5000]: monitoring kernel firmware directory '/lib/firmware'.
Nov 28 11:53:06 arch dbus-daemon[500]: [system] Activating via systemd: service name='org.freedesktop.hostname1' unit='dbus-org.freedesktop.hostname1.service' requested by ':1.4' (uid=0 pid=501 comm="/usr/bin/NetworkManager --no-daemon ")
Nov 28 11:53:06 arch systemd[1]: Finished Permit User Sessions.
Nov 28 11:53:06 arch audit[1]: SERVICE_START pid=1 uid=0 auid=4294967295 ses=4294967295 msg='unit=systemd-user-sessions comm="systemd" exe="/usr/lib/systemd/systemd" hostname=? addr=? terminal=? res=success'
Nov 28 11:53:06 arch systemd[1]: Reached target Multi-User System.
Nov 28 11:53:06 arch audit[1]: SERVICE_START pid=1 uid=0 auid=4294967295 ses=4294967295 msg='unit=sddm comm="systemd" exe="/usr/lib/systemd/systemd" hostname=? addr=? terminal=? res=success'
Nov 28 11:53:06 arch systemd[1]: Started Simple Desktop Display Manager.
Nov 28 11:53:06 arch audit: BPF prog-id=21 op=LOAD
Nov 28 11:53:06 arch systemd[1]: Reached target Graphical Interface.
Nov 28 11:53:06 arch audit: BPF prog-id=22 op=LOAD
Nov 28 11:53:06 arch audit: BPF prog-id=23 op=LOAD
Nov 28 11:53:06 arch systemd[1]: Starting Hostname Service...
Nov 28 11:53:06 arch kernel: iTCO_vendor_support: vendor-support=0
Nov 28 11:53:06 arch kernel: iTCO_wdt: Intel TCO WatchDog Timer Driver v1.11
Nov 28 11:53:06 arch kernel: iTCO_wdt: Found a Intel PCH TCO device (Version=6, TCOBASE=0x0400)
Nov 28 11:53:06 arch kernel: intel_rapl_common: Found RAPL domain package
Nov 28 11:53:06 arch kernel: intel_rapl_common: Found RAPL domain core
Nov 28 11:53:06 arch kernel: intel_rapl_common: Found RAPL domain uncore
Nov 28 11:53:06 arch kernel: intel_rapl_common: Found RAPL domain psys
Nov 28 11:53:06 arch kernel: iTCO_wdt: initialized. heartbeat=30 sec (nowayout=0)
Nov 28 11:53:06 arch sshd[506]: Server listening on 0.0.0.0 port 22.
Nov 28 11:53:06 arch sshd[506]: Server listening on :: port 22.
Nov 28 11:53:06 arch kernel: input: HDA Intel PCH Headphone Mic as /devices/pci0000:00/0000:00:1f.3/sound/card0/input14
Nov 28 11:53:06 arch kernel: input: HDA Intel PCH HDMI/DP,pcm=3 as /devices/pci0000:00/0000:00:1f.3/sound/card0/input15
Nov 28 11:53:06 arch kernel: input: HDA Intel PCH HDMI/DP,pcm=7 as /devices/pci0000:00/0000:00:1f.3/sound/card0/input16
